 bcrypt_lib

 Timestamp is 59b30ccd (Sat Sep  9 00:34:05 2017)

 Preferred load address is 0000000180000000

 Start         Length     Name                   Class
 0001:00000000 000179d0H .text$mn                CODE
 0001:000179d0 00000020H .text$mn$00             CODE
 0001:000179f0 00000270H .text$x                 CODE
 0002:00000000 00000268H .idata$5                DATA
 0002:00000268 00000010H .00cfg                  DATA
 0002:00000278 00000008H .CRT$XCA                DATA
 0002:00000280 00000008H .CRT$XCU                DATA
 0002:00000288 00000008H .CRT$XCZ                DATA
 0002:00000290 00000008H .CRT$XIA                DATA
 0002:00000298 00000018H .CRT$XIC                DATA
 0002:000002b0 00000008H .CRT$XIZ                DATA
 0002:000002b8 00000008H .CRT$XPA                DATA
 0002:000002c0 00000010H .CRT$XPX                DATA
 0002:000002d0 00000008H .CRT$XPXA               DATA
 0002:000002d8 00000008H .CRT$XPZ                DATA
 0002:000002e0 00000008H .CRT$XTA                DATA
 0002:000002e8 00000008H .CRT$XTZ                DATA
 0002:000002f0 00009628H .rdata                  DATA
 0002:00009918 00000384H .rdata$r                DATA
 0002:00009c9c 000003e4H .rdata$zzzdbg           DATA
 0002:0000a080 00000008H .rtc$IAA                DATA
 0002:0000a088 00000008H .rtc$IZZ                DATA
 0002:0000a090 00000008H .rtc$TAA                DATA
 0002:0000a098 00000008H .rtc$TZZ                DATA
 0002:0000a0a0 000012d8H .xdata                  DATA
 0002:0000b378 000001e4H .xdata$x                DATA
 0002:0000b55c 00000020H .didat$2                DATA
 0002:0000b57c 00000024H .didat$3                DATA
 0002:0000b5a0 00000150H .didat$4                DATA
 0002:0000b6f0 00000af8H .didat$6                DATA
 0002:0000c1e8 00000158H .didat$7                DATA
 0002:0000c340 00000058H .edata                  DATA
 0002:0000c398 00000014H .idata$2                DATA
 0002:0000c3ac 00000014H .idata$3                DATA
 0002:0000c3c0 00000268H .idata$4                DATA
 0002:0000c628 000005a2H .idata$6                DATA
 0003:00000000 00000990H .data                   DATA
 0003:00000990 00000118H .data$r                 DATA
 0003:00000aa8 00000158H .didat$5                DATA
 0003:00000c00 00001200H .bss                    DATA
 0004:00000000 00001680H .pdata                  DATA
 0005:00000000 00000084H .gfids$x                DATA
 0005:00000084 00000048H .gfids$y                DATA
 0006:00000000 00000060H .rsrc$01                DATA
 0006:00000060 00000180H .rsrc$02                DATA

  Address         Publics by Value              Rva+Base               Lib:Object

 0000:00000000       __guard_iat_table          0000000000000000     <absolute>
 0000:00000000       __dynamic_value_reloc_table 0000000000000000     <absolute>
 0000:00000000       __guard_iat_count          0000000000000000     <absolute>
 0000:00000000       __guard_longjmp_table      0000000000000000     <absolute>
 0000:00000000       __guard_longjmp_count      0000000000000000     <absolute>
 0000:00000000       __guard_fids_count         0000000000000000     <absolute>
 0000:00000000       ___safe_se_handler_table   0000000000000000     <absolute>
 0000:00000000       ___safe_se_handler_count   0000000000000000     <absolute>
 0000:00000000       __guard_fids_table         0000000000000000     <absolute>
 0000:00000100       __guard_flags              0000000000000100     <absolute>
 0000:00000000       __ImageBase                0000000180000000     <linker-defined>
 0001:00000000       ?Blowfish_encipher@@YAXPEAUBlowfishContext@@PEAI1@Z 0000000180001000 f   blowfish.obj
 0001:000004b0       ?Blowfish_expand0state@@YAXPEAUBlowfishContext@@PEBEG@Z 00000001800014b0 f   blowfish.obj
 0001:000005d0       ?Blowfish_expandstate@@YAXPEAUBlowfishContext@@PEBEG1G@Z 00000001800015d0 f   blowfish.obj
 0001:000007e0       __local_stdio_printf_options 00000001800017e0 f i bcrypt.obj
 0001:000007f0       _snprintf                  00000001800017f0 f i bcrypt.obj
 0001:00000920       ?bcrypt@@YAXPEBD0PEAD@Z    0000000180001920 f   bcrypt.obj
 0001:000010a0       ?New@?$Factory@VFunctionTemplate@v8@@@imp@Nan@@SA?AV?$Local@VFunctionTemplate@v8@@@v8@@P6AXAEBV?$FunctionCallbackInfo@VValue@v8@@@3@@ZV?$Local@VValue@v8@@@5@V?$Local@VSignature@v8@@@5@@Z 00000001800020a0 f i bcrypt_node.obj
 0001:00001280       ?ThrowError@Nan@@YAXPEBD@Z 0000000180002280 f i bcrypt_node.obj
 0001:00001310       ?ThrowTypeError@Nan@@YAXPEBD@Z 0000000180002310 f i bcrypt_node.obj
 0001:000013a0       ??0Utf8String@Nan@@QEAA@V?$Local@VValue@v8@@@v8@@@Z 00000001800023a0 f i bcrypt_node.obj
 0001:000014b0       ?Call@Callback@Nan@@QEBA?AV?$Local@VValue@v8@@@v8@@HQEAV34@@Z 00000001800024b0 f i bcrypt_node.obj
 0001:000015b0       ??0AsyncWorker@Nan@@QEAA@PEAVCallback@1@@Z 00000001800025b0 f i bcrypt_node.obj
 0001:00001670       ??1AsyncWorker@Nan@@UEAA@XZ 0000000180002670 f i bcrypt_node.obj
 0001:00001720       ?WorkComplete@AsyncWorker@Nan@@UEAAXXZ 0000000180002720 f i bcrypt_node.obj
 0001:00001800       ?Destroy@AsyncWorker@Nan@@UEAAXXZ 0000000180002800 f i bcrypt_node.obj
 0001:00001820       ?HandleOKCallback@AsyncWorker@Nan@@MEAAXXZ 0000000180002820 f i bcrypt_node.obj
 0001:00001870       ?HandleErrorCallback@AsyncWorker@Nan@@MEAAXXZ 0000000180002870 f i bcrypt_node.obj
 0001:000019e0       ??_GAsyncWorker@Nan@@UEAAPEAXI@Z 00000001800029e0 f i bcrypt_node.obj
 0001:000019e0       ??_EAsyncWorker@Nan@@UEAAPEAXI@Z 00000001800029e0 f i * CIL library *:* CIL module *
 0001:00001a20       ?AsyncExecute@Nan@@YAXPEAUuv_work_s@@@Z 0000000180002a20 f i bcrypt_node.obj
 0001:00001a30       ?AsyncExecuteComplete@Nan@@YAXPEAUuv_work_s@@@Z 0000000180002a30 f i bcrypt_node.obj
 0001:00001a70       ?Export@Nan@@YAXV?$Local@VObject@v8@@@v8@@PEBDP6AXAEBV?$FunctionCallbackInfo@VValue@v8@@@1@@Z@Z 0000000180002a70 f i bcrypt_node.obj
 0001:00002050       ??_ESaltAsyncWorker@?A0xd8aabfaf@@UEAAPEAXI@Z 0000000180003050 f i * CIL library *:* CIL module *
 0001:00002050       ??_GSaltAsyncWorker@?A0xd8aabfaf@@UEAAPEAXI@Z 0000000180003050 f i bcrypt_node.obj
 0001:00002ab0       ??_GEncryptAsyncWorker@?A0xd8aabfaf@@UEAAPEAXI@Z 0000000180003ab0 f i bcrypt_node.obj
 0001:00002ab0       ??_EEncryptAsyncWorker@?A0xd8aabfaf@@UEAAPEAXI@Z 0000000180003ab0 f i * CIL library *:* CIL module *
 0001:00003380       ??_GCompareAsyncWorker@?A0xd8aabfaf@@UEAAPEAXI@Z 0000000180004380 f i bcrypt_node.obj
 0001:00003380       ??_ECompareAsyncWorker@?A0xd8aabfaf@@UEAAPEAXI@Z 0000000180004380 f i * CIL library *:* CIL module *
 0001:00003c10       ?init@@YAXV?$Local@VObject@v8@@@v8@@@Z 0000000180004c10 f   bcrypt_node.obj
 0001:00003ce0       ??1?$basic_string@DU?$char_traits@D@std@@V?$allocator@D@2@@std@@QEAA@XZ 0000000180004ce0 f i bcrypt_node.obj
 0001:00003d70       ?assign@?$basic_string@DU?$char_traits@D@std@@V?$allocator@D@2@@std@@QEAAAEAV12@PEBD_K@Z 0000000180004d70 f i bcrypt_node.obj
 0001:00003ea0       ?assign@?$basic_string@DU?$char_traits@D@std@@V?$allocator@D@2@@std@@QEAAAEAV12@AEBV12@_K1@Z 0000000180004ea0 f i bcrypt_node.obj
 0001:00003fd0       ?_Assign_rv@?$basic_string@DU?$char_traits@D@std@@V?$allocator@D@2@@std@@QEAAX$$QEAV12@@Z 0000000180004fd0 f i bcrypt_node.obj
 0001:00004050       ?erase@?$basic_string@DU?$char_traits@D@std@@V?$allocator@D@2@@std@@QEAAAEAV12@_K0@Z 0000000180005050 f i bcrypt_node.obj
 0001:00004120       ?_Copy@?$basic_string@DU?$char_traits@D@std@@V?$allocator@D@2@@std@@QEAAX_K0@Z 0000000180005120 f i bcrypt_node.obj
 0001:000042ec       __imp_load_uv_queue_work   00000001800052ec f   node:node.exe
 0001:000042f8       __tailMerge_node_exe       00000001800052f8 f i node:node.exe
 0001:00004371       __imp_load_?Global@Context@v8@@QEAA?AV?$Local@VObject@v8@@@2@XZ 0000000180005371 f   node:node.exe
 0001:0000437d       __imp_load_?Value@External@v8@@QEBAPEAXXZ 000000018000537d f   node:node.exe
 0001:00004389       __imp_load_?New@External@v8@@SA?AV?$Local@VExternal@v8@@@2@PEAVIsolate@2@PEAX@Z 0000000180005389 f   node:node.exe
 0001:00004395       __imp_load_?NewFromUnsigned@Integer@v8@@SA?AV?$Local@VInteger@v8@@@2@PEAVIsolate@2@I@Z 0000000180005395 f   node:node.exe
 0001:000043a1       __imp_load_?ThrowException@Isolate@v8@@QEAA?AV?$Local@VValue@v8@@@2@V32@@Z 00000001800053a1 f   node:node.exe
 0001:000043ad       __imp_load_?GetCurrentContext@Isolate@v8@@QEAA?AV?$Local@VContext@v8@@@2@XZ 00000001800053ad f   node:node.exe
 0001:000043b9       __imp_load_?GetCurrent@Isolate@v8@@SAPEAV12@XZ 00000001800053b9 f   node:node.exe
 0001:000043c5       __imp_load_?CreateHandle@HandleScope@v8@@KAPEAPEAVObject@internal@2@PEAVIsolate@42@PEAV342@@Z 00000001800053c5 f   node:node.exe
 0001:000043d1       __imp_load_?CreateHandle@HandleScope@v8@@CAPEAPEAVObject@internal@2@PEAVHeapObject@42@PEAV342@@Z 00000001800053d1 f   node:node.exe
 0001:000043dd       __imp_load_??1HandleScope@v8@@QEAA@XZ 00000001800053dd f   node:node.exe
 0001:000043e9       __imp_load_??0HandleScope@v8@@QEAA@PEAVIsolate@1@@Z 00000001800053e9 f   node:node.exe
 0001:000043f5       __imp_load_?Error@Exception@v8@@SA?AV?$Local@VValue@v8@@@2@V?$Local@VString@v8@@@2@@Z 00000001800053f5 f   node:node.exe
 0001:00004401       __imp_load_?TypeError@Exception@v8@@SA?AV?$Local@VValue@v8@@@2@V?$Local@VString@v8@@@2@@Z 0000000180005401 f   node:node.exe
 0001:0000440d       __imp_load_?GetFunction@FunctionTemplate@v8@@QEAA?AV?$MaybeLocal@VFunction@v8@@@2@V?$Local@VContext@v8@@@2@@Z 000000018000540d f   node:node.exe
 0001:00004419       __imp_load_?New@FunctionTemplate@v8@@SA?AV?$Local@VFunctionTemplate@v8@@@2@PEAVIsolate@2@P6AXAEBV?$FunctionCallbackInfo@VValue@v8@@@2@@ZV?$Local@VValue@v8@@@2@V?$Local@VSignature@v8@@@2@HW4ConstructorBehavior@2@@Z 0000000180005419 f   node:node.exe
 0001:00004425       __imp_load_?ToLocalEmpty@V8@v8@@CAXXZ 0000000180005425 f   node:node.exe
 0001:00004431       __imp_load_?DisposeGlobal@V8@v8@@CAXPEAPEAVObject@internal@2@@Z 0000000180005431 f   node:node.exe
 0001:0000443d       __imp_load_?GlobalizeReference@V8@v8@@CAPEAPEAVObject@internal@2@PEAVIsolate@42@PEAPEAV342@@Z 000000018000543d f   node:node.exe
 0001:00004449       __imp_load_?Int32Value@Value@v8@@QEBA?AV?$Maybe@H@2@V?$Local@VContext@v8@@@2@@Z 0000000180005449 f   node:node.exe
 0001:00004455       __imp_load_?ToUint32@Value@v8@@QEBA?AV?$MaybeLocal@VUint32@v8@@@2@V?$Local@VContext@v8@@@2@@Z 0000000180005455 f   node:node.exe
 0001:00004461       __imp_load_?Escape@EscapableHandleScope@v8@@AEAAPEAPEAVObject@internal@2@PEAPEAV342@@Z 0000000180005461 f   node:node.exe
 0001:0000446d       __imp_load_??0EscapableHandleScope@v8@@QEAA@PEAVIsolate@1@@Z 000000018000546d f   node:node.exe
 0001:00004479       __imp_load_?NewFromUtf8@String@v8@@SA?AV?$MaybeLocal@VString@v8@@@2@PEAVIsolate@2@PEBDW4NewStringType@2@H@Z 0000000180005479 f   node:node.exe
 0001:00004485       __imp_load_?WriteUtf8@String@v8@@QEBAHPEADHPEAHH@Z 0000000180005485 f   node:node.exe
 0001:00004491       __imp_load_?Length@String@v8@@QEBAHXZ 0000000180005491 f   node:node.exe
 0001:0000449d       __imp_load_?SlowGetInternalField@Object@v8@@AEAA?AV?$Local@VValue@v8@@@2@H@Z 000000018000549d f   node:node.exe
 0001:000044a9       __imp_load_?New@Object@v8@@SA?AV?$Local@VObject@v8@@@2@PEAVIsolate@2@@Z 00000001800054a9 f   node:node.exe
 0001:000044b5       __imp_load_?SetInternalField@Object@v8@@QEAAXHV?$Local@VValue@v8@@@2@@Z 00000001800054b5 f   node:node.exe
 0001:000044c1       __imp_load_?Set@Object@v8@@QEAA?AV?$Maybe@_N@2@V?$Local@VContext@v8@@@2@V?$Local@VValue@v8@@@2@1@Z 00000001800054c1 f   node:node.exe
 0001:000044cd       __imp_load_?SetInternalFieldCount@ObjectTemplate@v8@@QEAAXH@Z 00000001800054cd f   node:node.exe
 0001:000044d9       __imp_load_?NewInstance@ObjectTemplate@v8@@QEAA?AV?$MaybeLocal@VObject@v8@@@2@V?$Local@VContext@v8@@@2@@Z 00000001800054d9 f   node:node.exe
 0001:000044e5       __imp_load_?New@ObjectTemplate@v8@@SA?AV?$Local@VObjectTemplate@v8@@@2@PEAVIsolate@2@V?$Local@VFunctionTemplate@v8@@@2@@Z 00000001800054e5 f   node:node.exe
 0001:000044f1       __imp_load_?Encode@node@@YA?AV?$Local@VValue@v8@@@v8@@PEAVIsolate@3@PEBD_KW4encoding@1@@Z 00000001800054f1 f   node:node.exe
 0001:000044fd       __imp_load_node_module_register 00000001800054fd f   node:node.exe
 0001:00004509       __imp_load_?HasInstance@Buffer@node@@YA_NV?$Local@VValue@v8@@@v8@@@Z 0000000180005509 f   node:node.exe
 0001:00004515       __imp_load_?Data@Buffer@node@@YAPEADV?$Local@VObject@v8@@@v8@@@Z 0000000180005515 f   node:node.exe
 0001:00004521       __imp_load_?Length@Buffer@node@@YA_KV?$Local@VObject@v8@@@v8@@@Z 0000000180005521 f   node:node.exe
 0001:0000452d       __imp_load_?MakeCallback@node@@YA?AV?$Local@VValue@v8@@@v8@@PEAVIsolate@3@V?$Local@VObject@v8@@@3@V?$Local@VFunction@v8@@@3@HPEAV23@@Z 000000018000552d f   node:node.exe
 0001:00004539       __imp_load_uv_default_loop 0000000180005539 f   node:node.exe
 0001:00004545       __imp_load_?ToString@Value@v8@@QEBA?AV?$Local@VString@v8@@@2@XZ 0000000180005545 f   node:node.exe
 0001:00004570       __security_check_cookie    0000000180005570 f   LIBCMT:_amdsecgs_.obj
 0001:00004594       ??2@YAPEAX_K@Z             0000000180005594 f   LIBCMT:new_scalar.obj
 0001:000045d0       ??3@YAXPEAX@Z              00000001800055d0 f   LIBCMT:delete_scalar.obj
 0001:000045d8       ??_V@YAXPEAX@Z             00000001800055d8 f   LIBCMT:delete_array.obj
 0001:000045d8       ??3@YAXPEAX_K@Z            00000001800055d8 f   LIBCMT:delete_scalar_size.obj
 0001:0000492c       _DllMainCRTStartup         000000018000592c f   LIBCMT:dll_dllmain.obj
 0001:0000496c       __raise_securityfailure    000000018000596c f   LIBCMT:gs_report.obj
 0001:000049a0       __report_gsfailure         00000001800059a0 f   LIBCMT:gs_report.obj
 0001:00004a74       __report_rangecheckfailure 0000000180005a74 f   LIBCMT:gs_report.obj
 0001:00004a88       __report_securityfailure   0000000180005a88 f   LIBCMT:gs_report.obj
 0001:00004c08       ??0bad_alloc@std@@QEAA@AEBV01@@Z 0000000180005c08 f i LIBCMT:throw_bad_alloc.obj
 0001:00004c48       ??0bad_alloc@std@@QEAA@XZ  0000000180005c48 f i LIBCMT:throw_bad_alloc.obj
 0001:00004c68       ??0bad_array_new_length@std@@QEAA@AEBV01@@Z 0000000180005c68 f i LIBCMT:throw_bad_alloc.obj
 0001:00004ca8       ??0bad_array_new_length@std@@QEAA@XZ 0000000180005ca8 f i LIBCMT:throw_bad_alloc.obj
 0001:00004cc8       ??0exception@std@@QEAA@AEBV01@@Z 0000000180005cc8 f i LIBCMT:throw_bad_alloc.obj
 0001:00004d00       ??1out_of_range@std@@UEAA@XZ 0000000180005d00 f i libcpmt:xthrow.obj
 0001:00004d00       ??1bad_alloc@std@@UEAA@XZ  0000000180005d00 f i LIBCMT:throw_bad_alloc.obj
 0001:00004d00       ??1bad_array_new_length@std@@UEAA@XZ 0000000180005d00 f i LIBCMT:throw_bad_alloc.obj
 0001:00004d00       ??1length_error@std@@UEAA@XZ 0000000180005d00 f i libcpmt:xthrow.obj
 0001:00004d14       ?__scrt_throw_std_bad_array_new_length@@YAXXZ 0000000180005d14 f   LIBCMT:throw_bad_alloc.obj
 0001:00004d34       ?what@exception@std@@UEBAPEBDXZ 0000000180005d34 f i LIBCMT:throw_bad_alloc.obj
 0001:00004d48       __scrt_acquire_startup_lock 0000000180005d48 f   LIBCMT:utility.obj
 0001:00004d84       __scrt_dllmain_after_initialize_c 0000000180005d84 f   LIBCMT:utility.obj
 0001:00004db8       __scrt_dllmain_before_initialize_c 0000000180005db8 f   LIBCMT:utility.obj
 0001:00004dd0       __scrt_dllmain_crt_thread_attach 0000000180005dd0 f   LIBCMT:utility.obj
 0001:00004df8       __scrt_dllmain_crt_thread_detach 0000000180005df8 f   LIBCMT:utility.obj
 0001:00004e10       __scrt_dllmain_exception_filter 0000000180005e10 f   LIBCMT:utility.obj
 0001:00004e74       __scrt_dllmain_uninitialize_c 0000000180005e74 f   LIBCMT:utility.obj
 0001:00004ea4       __scrt_dllmain_uninitialize_critical 0000000180005ea4 f   LIBCMT:utility.obj
 0001:00004eb8       __scrt_initialize_crt      0000000180005eb8 f   LIBCMT:utility.obj
 0001:00004f04       __scrt_initialize_onexit_tables 0000000180005f04 f   LIBCMT:utility.obj
 0001:00004fd0       __scrt_is_nonwritable_in_current_image 0000000180005fd0 f   LIBCMT:utility.obj
 0001:0000506c       __scrt_release_startup_lock 000000018000606c f   LIBCMT:utility.obj
 0001:00005090       __scrt_uninitialize_crt    0000000180006090 f   LIBCMT:utility.obj
 0001:000050bc       _onexit                    00000001800060bc f   LIBCMT:utility.obj
 0001:0000510c       atexit                     000000018000610c f   LIBCMT:utility.obj
 0001:00005124       __security_init_cookie     0000000180006124 f   LIBCMT:gs_support.obj
 0001:000051d0       ?__scrt_initialize_type_info@@YAXXZ 00000001800061d0 f   LIBCMT:tncleanup.obj
 0001:000051e0       ?__scrt_uninitialize_type_info@@YAXXZ 00000001800061e0 f   LIBCMT:tncleanup.obj
 0001:000051ec       __local_stdio_scanf_options 00000001800061ec f i LIBCMT:default_local_stdio_options.obj
 0001:000051f4       __scrt_initialize_default_local_stdio_options 00000001800061f4 f   LIBCMT:default_local_stdio_options.obj
 0001:00005210       __scrt_get_dyn_tls_init_callback 0000000180006210 f   LIBCMT:dyn_tls_init.obj
 0001:00005218       __crt_debugger_hook        0000000180006218 f   LIBCMT:utility_desktop.obj
 0001:00005220       __scrt_fastfail            0000000180006220 f   LIBCMT:utility_desktop.obj
 0001:00005368       _RTC_Initialize            0000000180006368 f   LIBCMT:_initsect_.obj
 0001:000053b4       _RTC_Terminate             00000001800063b4 f   LIBCMT:_initsect_.obj
 0001:00005400       _guard_check_icall         0000000180006400 f i LIBCMT:checkcfg.obj
 0001:00005408       ??_Etype_info@@UEAAPEAXI@Z 0000000180006408 f i LIBCMT:std_type_info_static.obj
 0001:00005408       ??_Gtype_info@@UEAAPEAXI@Z 0000000180006408 f i LIBCMT:std_type_info_static.obj
 0001:00005434       __isa_available_init       0000000180006434 f   LIBCMT:_cpu_disp_.obj
 0001:000055fc       _get_startup_argv_mode     00000001800065fc f   LIBCMT:argv_mode.obj
 0001:000055fc       DllMain                    00000001800065fc f   LIBCMT:dll_dllmain_stub.obj
 0001:00005604       __scrt_is_ucrt_dll_in_use  0000000180006604 f   LIBCMT:ucrt_detection.obj
 0001:00005610       ??0length_error@std@@QEAA@AEBV01@@Z 0000000180006610 f i libcpmt:xthrow.obj
 0001:00005650       ??0length_error@std@@QEAA@PEBD@Z 0000000180006650 f i libcpmt:xthrow.obj
 0001:0000569c       ??0logic_error@std@@QEAA@AEBV01@@Z 000000018000669c f i libcpmt:xthrow.obj
 0001:000056dc       ??0out_of_range@std@@QEAA@AEBV01@@Z 00000001800066dc f i libcpmt:xthrow.obj
 0001:0000571c       ??0out_of_range@std@@QEAA@PEBD@Z 000000018000671c f i libcpmt:xthrow.obj
 0001:00005768       ??_Ebad_alloc@std@@UEAAPEAXI@Z 0000000180006768 f i LIBCMT:throw_bad_alloc.obj
 0001:00005768       ??_Eout_of_range@std@@UEAAPEAXI@Z 0000000180006768 f i libcpmt:xthrow.obj
 0001:00005768       ??_Glength_error@std@@UEAAPEAXI@Z 0000000180006768 f i libcpmt:xthrow.obj
 0001:00005768       ??_Glogic_error@std@@UEAAPEAXI@Z 0000000180006768 f i libcpmt:xthrow.obj
 0001:00005768       ??_Gbad_alloc@std@@UEAAPEAXI@Z 0000000180006768 f i LIBCMT:throw_bad_alloc.obj
 0001:00005768       ??_Ebad_array_new_length@std@@UEAAPEAXI@Z 0000000180006768 f i LIBCMT:throw_bad_alloc.obj
 0001:00005768       ??_Gexception@std@@UEAAPEAXI@Z 0000000180006768 f i LIBCMT:throw_bad_alloc.obj
 0001:00005768       ??_Elength_error@std@@UEAAPEAXI@Z 0000000180006768 f i libcpmt:xthrow.obj
 0001:00005768       ??_Gout_of_range@std@@UEAAPEAXI@Z 0000000180006768 f i libcpmt:xthrow.obj
 0001:00005768       ??_Gbad_array_new_length@std@@UEAAPEAXI@Z 0000000180006768 f i LIBCMT:throw_bad_alloc.obj
 0001:00005768       ??_Elogic_error@std@@UEAAPEAXI@Z 0000000180006768 f i libcpmt:xthrow.obj
 0001:00005768       ??_Eexception@std@@UEAAPEAXI@Z 0000000180006768 f i LIBCMT:throw_bad_alloc.obj
 0001:000057ac       ?__scrt_throw_std_bad_alloc@@YAXXZ 00000001800067ac f   LIBCMT:throw_bad_alloc.obj
 0001:000057ac       ?_Xbad_alloc@std@@YAXXZ    00000001800067ac f   libcpmt:xthrow.obj
 0001:000057cc       ?_Xlength_error@std@@YAXPEBD@Z 00000001800067cc f   libcpmt:xthrow.obj
 0001:000057f0       ?_Xout_of_range@std@@YAXPEBD@Z 00000001800067f0 f   libcpmt:xthrow.obj
 0001:00005830       memmove                    0000000180006830 f   libvcruntime:memcpy.obj
 0001:00005830       memcpy                     0000000180006830 f   libvcruntime:memcpy.obj
 0001:00005c68       _purecall                  0000000180006c68 f   libvcruntime:purevirt.obj
 0001:00005ca4       __C_specific_handler       0000000180006ca4 f   libvcruntime:_chandler_.obj
 0001:00005ea0       __std_exception_copy       0000000180006ea0 f   libvcruntime:std_exception.obj
 0001:00005f30       __std_exception_destroy    0000000180006f30 f   libvcruntime:std_exception.obj
 0001:00005f58       _CxxThrowException         0000000180006f58 f   libvcruntime:throw.obj
 0001:00006030       __vcrt_initialize          0000000180007030 f   libvcruntime:initialization.obj
 0001:00006064       __vcrt_thread_attach       0000000180007064 f   libvcruntime:initialization.obj
 0001:00006078       __vcrt_thread_detach       0000000180007078 f   libvcruntime:initialization.obj
 0001:0000608c       __vcrt_uninitialize        000000018000708c f   libvcruntime:initialization.obj
 0001:000060ac       __vcrt_uninitialize_critical 00000001800070ac f   libvcruntime:initialization.obj
 0001:000060bc       __std_type_info_destroy_list 00000001800070bc f   libvcruntime:std_type_info.obj
 0001:00006100       memset                     0000000180007100 f   libvcruntime:memset.obj
 0001:000062a0       __vcrt_initialize_pure_virtual_call_handler 00000001800072a0 f   libvcruntime:purevirt_data.obj
 0001:000062e0       _local_unwind              00000001800072e0 f   libvcruntime:_jmpuwind_.obj
 0001:00006310       _NLG_Notify                0000000180007310 f   libvcruntime:_jmpuwind_.obj
 0001:00006330       __NLG_Dispatch2            0000000180007330 f   libvcruntime:_jmpuwind_.obj
 0001:00006340       __NLG_Return2              0000000180007340 f   libvcruntime:_jmpuwind_.obj
 0001:00006344       __except_validate_context_record 0000000180007344 f   libvcruntime:jbcxrval.obj
 0001:00006344       _guard_check_icall_nop     0000000180007344 f   LIBCMT:guard_support.obj
 0001:00006348       __vcrt_freefls             0000000180007348 f   libvcruntime:per_thread_data.obj
 0001:00006368       __vcrt_freeptd             0000000180007368 f   libvcruntime:per_thread_data.obj
 0001:000063b8       __vcrt_getptd_noexit       00000001800073b8 f   libvcruntime:per_thread_data.obj
 0001:00006470       __vcrt_initialize_ptd      0000000180007470 f   libvcruntime:per_thread_data.obj
 0001:000064b0       __vcrt_uninitialize_ptd    00000001800074b0 f   libvcruntime:per_thread_data.obj
 0001:000064d4       __vcrt_initialize_locks    00000001800074d4 f   libvcruntime:locks.obj
 0001:0000651c       __vcrt_uninitialize_locks  000000018000751c f   libvcruntime:locks.obj
 0001:0000671c       __vcrt_FlsAlloc            000000018000771c f   libvcruntime:winapi_downlevel.obj
 0001:00006770       __vcrt_FlsFree             0000000180007770 f   libvcruntime:winapi_downlevel.obj
 0001:000067c4       __vcrt_FlsGetValue         00000001800077c4 f   libvcruntime:winapi_downlevel.obj
 0001:00006818       __vcrt_FlsSetValue         0000000180007818 f   libvcruntime:winapi_downlevel.obj
 0001:00006880       __vcrt_InitializeCriticalSectionEx 0000000180007880 f   libvcruntime:winapi_downlevel.obj
 0001:000068f8       __vcrt_initialize_winapi_thunks 00000001800078f8 f   libvcruntime:winapi_downlevel.obj
 0001:00006944       __vcrt_uninitialize_winapi_thunks 0000000180007944 f   libvcruntime:winapi_downlevel.obj
 0001:00006984       ??$?RV<lambda_7b91131dde12e1c3dfc74ff76b3f2eac>@@AEAV<lambda_dd75445284c072d0bd3768540cc698fa>@@V<lambda_16bc4ecb55b4718497c16bceaea2ceaf>@@@?$__crt_seh_guarded_call@H@@QEAAH$$QEAV<lambda_7b91131dde12e1c3dfc74ff76b3f2eac>@@AEAV<lambda_dd75445284c072d0bd3768540cc698fa>@@$$QEAV<lambda_16bc4ecb55b4718497c16bceaea2ceaf>@@@Z 0000000180007984 f i libucrt:output.obj
 0001:000069c4       ??$ensure_buffer_is_big_enough@D@formatting_buffer@__crt_stdio_output@@QEAA_N_K@Z 00000001800079c4 f i libucrt:output.obj
 0001:00006a70       ??$is_wide_character_specifier@D@__crt_stdio_output@@YA_N_KDW4length_modifier@0@@Z 0000000180007a70 f i libucrt:output.obj
 0001:00006aa0       ??$is_wide_character_specifier@_W@__crt_stdio_output@@YA_N_K_WW4length_modifier@0@@Z 0000000180007aa0 f i libucrt:output.obj
 0001:00006ae4       ??$type_case_integer_parse_into_buffer@I@?$output_processor@_WV?$stream_output_adapter@_W@__crt_stdio_output@@V?$standard_base@_WV?$stream_output_adapter@_W@__crt_stdio_output@@@2@@__crt_stdio_output@@AEAAXII_N@Z 0000000180007ae4 f i libucrt:output.obj
 0001:00006ae4       ??$type_case_integer_parse_into_buffer@I@?$output_processor@_WV?$string_output_adapter@_W@__crt_stdio_output@@V?$standard_base@_WV?$string_output_adapter@_W@__crt_stdio_output@@@2@@__crt_stdio_output@@AEAAXII_N@Z 0000000180007ae4 f i libucrt:output.obj
 0001:00006ae4       ??$type_case_integer_parse_into_buffer@I@?$output_processor@DV?$string_output_adapter@D@__crt_stdio_output@@V?$standard_base@DV?$string_output_adapter@D@__crt_stdio_output@@@2@@__crt_stdio_output@@AEAAXII_N@Z 0000000180007ae4 f i libucrt:output.obj
 0001:00006b80       ??$type_case_integer_parse_into_buffer@_K@?$output_processor@_WV?$stream_output_adapter@_W@__crt_stdio_output@@V?$standard_base@_WV?$stream_output_adapter@_W@__crt_stdio_output@@@2@@__crt_stdio_output@@AEAAX_KI_N@Z 0000000180007b80 f i libucrt:output.obj
 0001:00006b80       ??$type_case_integer_parse_into_buffer@_K@?$output_processor@DV?$string_output_adapter@D@__crt_stdio_output@@V?$standard_base@DV?$string_output_adapter@D@__crt_stdio_output@@@2@@__crt_stdio_output@@AEAAX_KI_N@Z 0000000180007b80 f i libucrt:output.obj
 0001:00006b80       ??$type_case_integer_parse_into_buffer@_K@?$output_processor@_WV?$string_output_adapter@_W@__crt_stdio_output@@V?$standard_base@_WV?$string_output_adapter@_W@__crt_stdio_output@@@2@@__crt_stdio_output@@AEAAX_KI_N@Z 0000000180007b80 f i libucrt:output.obj
 0001:00006c1c       ??$write_multiple_characters@V?$stream_output_adapter@_W@__crt_stdio_output@@D@__crt_stdio_output@@YAXAEBV?$stream_output_adapter@_W@0@DHQEAH@Z 0000000180007c1c f i libucrt:output.obj
 0001:00006cac       ??$write_multiple_characters@V?$string_output_adapter@D@__crt_stdio_output@@D@__crt_stdio_output@@YAXAEBV?$string_output_adapter@D@0@DHQEAH@Z 0000000180007cac f i libucrt:output.obj
 0001:00006d08       ??$write_multiple_characters@V?$string_output_adapter@_W@__crt_stdio_output@@D@__crt_stdio_output@@YAXAEBV?$string_output_adapter@_W@0@DHQEAH@Z 0000000180007d08 f i libucrt:output.obj
 0001:00006d78       ??0?$output_processor@DV?$string_output_adapter@D@__crt_stdio_output@@V?$standard_base@DV?$string_output_adapter@D@__crt_stdio_output@@@2@@__crt_stdio_output@@QEAA@AEBV?$string_output_adapter@D@1@_KQEBDQEAU__crt_locale_pointers@@QEAD@Z 0000000180007d78 f i libucrt:output.obj
 0001:00006df4       ??0?$output_processor@_WV?$string_output_adapter@_W@__crt_stdio_output@@V?$standard_base@_WV?$string_output_adapter@_W@__crt_stdio_output@@@2@@__crt_stdio_output@@QEAA@AEBV?$string_output_adapter@_W@1@_KQEB_WQEAU__crt_locale_pointers@@QEAD@Z 0000000180007df4 f i libucrt:output.obj
 0001:00006df4       ??0?$output_processor@_WV?$stream_output_adapter@_W@__crt_stdio_output@@V?$standard_base@_WV?$stream_output_adapter@_W@__crt_stdio_output@@@2@@__crt_stdio_output@@QEAA@AEBV?$stream_output_adapter@_W@1@_KQEB_WQEAU__crt_locale_pointers@@QEAD@Z 0000000180007df4 f i libucrt:output.obj
 0001:00006e74       ??0_LocaleUpdate@@QEAA@QEAU__crt_locale_pointers@@@Z 0000000180007e74 f i libucrt:output.obj
 0001:00006ff4       ?force_decimal_point@__crt_stdio_output@@YAXPEADQEAU__crt_locale_pointers@@@Z 0000000180007ff4 f i libucrt:output.obj
 0001:00007064       ?parse_int_from_format_string@?$output_processor@DV?$string_output_adapter@D@__crt_stdio_output@@V?$standard_base@DV?$string_output_adapter@D@__crt_stdio_output@@@2@@__crt_stdio_output@@AEAA_NQEAH@Z 0000000180008064 f i libucrt:output.obj
 0001:000070e8       ?parse_int_from_format_string@?$output_processor@_WV?$string_output_adapter@_W@__crt_stdio_output@@V?$standard_base@_WV?$string_output_adapter@_W@__crt_stdio_output@@@2@@__crt_stdio_output@@AEAA_NQEAH@Z 00000001800080e8 f i libucrt:output.obj
 0001:000070e8       ?parse_int_from_format_string@?$output_processor@_WV?$stream_output_adapter@_W@__crt_stdio_output@@V?$standard_base@_WV?$stream_output_adapter@_W@__crt_stdio_output@@@2@@__crt_stdio_output@@AEAA_NQEAH@Z 00000001800080e8 f i libucrt:output.obj
 0001:00007168       ?process@?$output_processor@DV?$string_output_adapter@D@__crt_stdio_output@@V?$standard_base@DV?$string_output_adapter@D@__crt_stdio_output@@@2@@__crt_stdio_output@@QEAAHXZ 0000000180008168 f i libucrt:output.obj
 0001:0000736c       ?process@?$output_processor@_WV?$stream_output_adapter@_W@__crt_stdio_output@@V?$standard_base@_WV?$stream_output_adapter@_W@__crt_stdio_output@@@2@@__crt_stdio_output@@QEAAHXZ 000000018000836c f i libucrt:output.obj
 0001:000075e4       ?process@?$output_processor@_WV?$string_output_adapter@_W@__crt_stdio_output@@V?$standard_base@_WV?$string_output_adapter@_W@__crt_stdio_output@@@2@@__crt_stdio_output@@QEAAHXZ 00000001800085e4 f i libucrt:output.obj
 0001:00007860       ?state_case_normal@?$output_processor@DV?$string_output_adapter@D@__crt_stdio_output@@V?$standard_base@DV?$string_output_adapter@D@__crt_stdio_output@@@2@@__crt_stdio_output@@AEAA_NXZ 0000000180008860 f i libucrt:output.obj
 0001:000078d4       ?state_case_normal_tchar@?$output_processor@DV?$string_output_adapter@D@__crt_stdio_output@@V?$standard_base@DV?$string_output_adapter@D@__crt_stdio_output@@@2@@__crt_stdio_output@@AEAA_ND@Z 00000001800088d4 f i libucrt:output.obj
 0001:0000796c       ?state_case_size@?$output_processor@DV?$string_output_adapter@D@__crt_stdio_output@@V?$standard_base@DV?$string_output_adapter@D@__crt_stdio_output@@@2@@__crt_stdio_output@@AEAA_NXZ 000000018000896c f i libucrt:output.obj
 0001:00007ae8       ?state_case_size@?$output_processor@_WV?$stream_output_adapter@_W@__crt_stdio_output@@V?$standard_base@_WV?$stream_output_adapter@_W@__crt_stdio_output@@@2@@__crt_stdio_output@@AEAA_NXZ 0000000180008ae8 f i libucrt:output.obj
 0001:00007c8c       ?state_case_size@?$output_processor@_WV?$string_output_adapter@_W@__crt_stdio_output@@V?$standard_base@_WV?$string_output_adapter@_W@__crt_stdio_output@@@2@@__crt_stdio_output@@AEAA_NXZ 0000000180008c8c f i libucrt:output.obj
 0001:00007e30       ?state_case_type@?$output_processor@DV?$string_output_adapter@D@__crt_stdio_output@@V?$standard_base@DV?$string_output_adapter@D@__crt_stdio_output@@@2@@__crt_stdio_output@@AEAA_NXZ 0000000180008e30 f i libucrt:output.obj
 0001:000080ac       ?state_case_type@?$output_processor@_WV?$stream_output_adapter@_W@__crt_stdio_output@@V?$standard_base@_WV?$stream_output_adapter@_W@__crt_stdio_output@@@2@@__crt_stdio_output@@AEAA_NXZ 00000001800090ac f i libucrt:output.obj
 0001:00008378       ?state_case_type@?$output_processor@_WV?$string_output_adapter@_W@__crt_stdio_output@@V?$standard_base@_WV?$string_output_adapter@_W@__crt_stdio_output@@@2@@__crt_stdio_output@@AEAA_NXZ 0000000180009378 f i libucrt:output.obj
 0001:00008644       ?type_case_Z@?$output_processor@DV?$string_output_adapter@D@__crt_stdio_output@@V?$standard_base@DV?$string_output_adapter@D@__crt_stdio_output@@@2@@__crt_stdio_output@@AEAA_NXZ 0000000180009644 f i libucrt:output.obj
 0001:000086c4       ?type_case_Z@?$output_processor@_WV?$string_output_adapter@_W@__crt_stdio_output@@V?$standard_base@_WV?$string_output_adapter@_W@__crt_stdio_output@@@2@@__crt_stdio_output@@AEAA_NXZ 00000001800096c4 f i libucrt:output.obj
 0001:000086c4       ?type_case_Z@?$output_processor@_WV?$stream_output_adapter@_W@__crt_stdio_output@@V?$standard_base@_WV?$stream_output_adapter@_W@__crt_stdio_output@@@2@@__crt_stdio_output@@AEAA_NXZ 00000001800096c4 f i libucrt:output.obj
 0001:00008744       ?type_case_a@?$output_processor@DV?$string_output_adapter@D@__crt_stdio_output@@V?$standard_base@DV?$string_output_adapter@D@__crt_stdio_output@@@2@@__crt_stdio_output@@AEAA_NXZ 0000000180009744 f i libucrt:output.obj
 0001:00008960       ?type_case_a@?$output_processor@_WV?$string_output_adapter@_W@__crt_stdio_output@@V?$standard_base@_WV?$string_output_adapter@_W@__crt_stdio_output@@@2@@__crt_stdio_output@@AEAA_NXZ 0000000180009960 f i libucrt:output.obj
 0001:00008960       ?type_case_a@?$output_processor@_WV?$stream_output_adapter@_W@__crt_stdio_output@@V?$standard_base@_WV?$stream_output_adapter@_W@__crt_stdio_output@@@2@@__crt_stdio_output@@AEAA_NXZ 0000000180009960 f i libucrt:output.obj
 0001:00008ba4       ?type_case_c_tchar@?$output_processor@DV?$string_output_adapter@D@__crt_stdio_output@@V?$standard_base@DV?$string_output_adapter@D@__crt_stdio_output@@@2@@__crt_stdio_output@@AEAA_ND@Z 0000000180009ba4 f i libucrt:output.obj
 0001:00008c58       ?type_case_c_tchar@?$output_processor@_WV?$string_output_adapter@_W@__crt_stdio_output@@V?$standard_base@_WV?$string_output_adapter@_W@__crt_stdio_output@@@2@@__crt_stdio_output@@AEAA_N_W@Z 0000000180009c58 f i libucrt:output.obj
 0001:00008c58       ?type_case_c_tchar@?$output_processor@_WV?$stream_output_adapter@_W@__crt_stdio_output@@V?$standard_base@_WV?$stream_output_adapter@_W@__crt_stdio_output@@@2@@__crt_stdio_output@@AEAA_N_W@Z 0000000180009c58 f i libucrt:output.obj
 0001:00008d00       ?type_case_integer@?$output_processor@_WV?$string_output_adapter@_W@__crt_stdio_output@@V?$standard_base@_WV?$string_output_adapter@_W@__crt_stdio_output@@@2@@__crt_stdio_output@@AEAA_NI_N@Z 0000000180009d00 f i libucrt:output.obj
 0001:00008d00       ?type_case_integer@?$output_processor@DV?$string_output_adapter@D@__crt_stdio_output@@V?$standard_base@DV?$string_output_adapter@D@__crt_stdio_output@@@2@@__crt_stdio_output@@AEAA_NI_N@Z 0000000180009d00 f i libucrt:output.obj
 0001:00008d00       ?type_case_integer@?$output_processor@_WV?$stream_output_adapter@_W@__crt_stdio_output@@V?$standard_base@_WV?$stream_output_adapter@_W@__crt_stdio_output@@@2@@__crt_stdio_output@@AEAA_NI_N@Z 0000000180009d00 f i libucrt:output.obj
 0001:00008ea0       ?type_case_n@?$output_processor@_WV?$string_output_adapter@_W@__crt_stdio_output@@V?$standard_base@_WV?$string_output_adapter@_W@__crt_stdio_output@@@2@@__crt_stdio_output@@AEAA_NXZ 0000000180009ea0 f i libucrt:output.obj
 0001:00008ea0       ?type_case_n@?$output_processor@DV?$string_output_adapter@D@__crt_stdio_output@@V?$standard_base@DV?$string_output_adapter@D@__crt_stdio_output@@@2@@__crt_stdio_output@@AEAA_NXZ 0000000180009ea0 f i libucrt:output.obj
 0001:00008ea0       ?type_case_n@?$output_processor@_WV?$stream_output_adapter@_W@__crt_stdio_output@@V?$standard_base@_WV?$stream_output_adapter@_W@__crt_stdio_output@@@2@@__crt_stdio_output@@AEAA_NXZ 0000000180009ea0 f i libucrt:output.obj
 0001:00008f7c       ?type_case_s@?$output_processor@DV?$string_output_adapter@D@__crt_stdio_output@@V?$standard_base@DV?$string_output_adapter@D@__crt_stdio_output@@@2@@__crt_stdio_output@@AEAA_NXZ 0000000180009f7c f i libucrt:output.obj
 0001:0000900c       ?type_case_s@?$output_processor@_WV?$string_output_adapter@_W@__crt_stdio_output@@V?$standard_base@_WV?$string_output_adapter@_W@__crt_stdio_output@@@2@@__crt_stdio_output@@AEAA_NXZ 000000018000a00c f i libucrt:output.obj
 0001:0000900c       ?type_case_s@?$output_processor@_WV?$stream_output_adapter@_W@__crt_stdio_output@@V?$standard_base@_WV?$stream_output_adapter@_W@__crt_stdio_output@@@2@@__crt_stdio_output@@AEAA_NXZ 000000018000a00c f i libucrt:output.obj
 0001:000090d4       ?write_stored_string_tchar@?$output_processor@DV?$string_output_adapter@D@__crt_stdio_output@@V?$standard_base@DV?$string_output_adapter@D@__crt_stdio_output@@@2@@__crt_stdio_output@@AEAA_ND@Z 000000018000a0d4 f i libucrt:output.obj
 0001:000091ac       ?write_stored_string_tchar@?$output_processor@_WV?$stream_output_adapter@_W@__crt_stdio_output@@V?$standard_base@_WV?$stream_output_adapter@_W@__crt_stdio_output@@@2@@__crt_stdio_output@@AEAA_N_W@Z 000000018000a1ac f i libucrt:output.obj
 0001:00009298       ?write_stored_string_tchar@?$output_processor@_WV?$string_output_adapter@_W@__crt_stdio_output@@V?$standard_base@_WV?$string_output_adapter@_W@__crt_stdio_output@@@2@@__crt_stdio_output@@AEAA_N_W@Z 000000018000a298 f i libucrt:output.obj
 0001:00009388       ?write_string@?$stream_output_adapter@_W@__crt_stdio_output@@QEBAXQEB_WHQEAH1@Z 000000018000a388 f i libucrt:output.obj
 0001:00009494       ?write_string@?$string_output_adapter@D@__crt_stdio_output@@QEBAXQEBDHQEAH1@Z 000000018000a494 f i libucrt:output.obj
 0001:00009550       ?write_string@?$string_output_adapter@_W@__crt_stdio_output@@QEBAXQEB_WHQEAH1@Z 000000018000a550 f i libucrt:output.obj
 0001:00009610       __stdio_common_vfwprintf   000000018000a610 f   libucrt:output.obj
 0001:0000969c       __stdio_common_vsprintf    000000018000a69c f   libucrt:output.obj
 0001:000098d0       __stdio_common_vswprintf   000000018000a8d0 f   libucrt:output.obj
 0001:00009b08       ??$is_overflow_condition@K@__crt_strtox@@YA_NIK@Z 000000018000ab08 f i libucrt:atox.obj
 0001:00009b34       ??$make_c_string_character_source@DPEAPEAD@__crt_strtox@@YA?AV?$c_string_character_source@D@0@QEBDQEAPEAD@Z 000000018000ab34 f i libucrt:strtox.obj
 0001:00009b34       ??$make_c_string_character_source@_WPEAPEA_W@__crt_strtox@@YA?AV?$c_string_character_source@_W@0@QEB_WQEAPEA_W@Z 000000018000ab34 f i libucrt:strtox.obj
 0001:00009b34       ??$make_c_string_character_source@D$$T@__crt_strtox@@YA?AV?$c_string_character_source@D@0@QEBD$$T@Z 000000018000ab34 f i libucrt:atox.obj
 0001:00009b48       ??$parse_integer@KV?$c_string_character_source@D@__crt_strtox@@@__crt_strtox@@YAKQEAU__crt_locale_pointers@@V?$c_string_character_source@D@0@H_N@Z 000000018000ab48 f i libucrt:atox.obj
 0001:00009e5c       ??$parse_integer@KV?$c_string_character_source@_W@__crt_strtox@@@__crt_strtox@@YAKQEAU__crt_locale_pointers@@V?$c_string_character_source@_W@0@H_N@Z 000000018000ae5c f i libucrt:atox.obj
 0001:0000a530       atoi                       000000018000b530 f   libucrt:atox.obj
 0001:0000a55c       free                       000000018000b55c f   libucrt:free.obj
 0001:0000af4c       ??$ftprintf@PEAU_iobuf@@PEB_WAEBQEB_WAEBQEB_WAEBI@?$__crt_char_traits@_W@@SAH$$QEAPEAU_iobuf@@$$QEAPEB_WAEBQEB_W2AEBI@Z 000000018000bf4c f i libucrt:assert.obj
 0001:0000af74       _wassert                   000000018000bf74 f   libucrt:assert.obj
 0001:0000aff8       fwprintf                   000000018000bff8 f i libucrt:assert.obj
 0001:0000b03c       swprintf                   000000018000c03c f i libucrt:assert.obj
 0001:0000b090       __acrt_call_reportfault    000000018000c090 f   libucrt:invalid_parameter.obj
 0001:0000b1ec       __acrt_initialize_invalid_parameter_handler 000000018000c1ec f   libucrt:invalid_parameter.obj
 0001:0000b1f4       _invalid_parameter         000000018000c1f4 f   libucrt:invalid_parameter.obj
 0001:0000b29c       _invalid_parameter_noinfo  000000018000c29c f   libucrt:invalid_parameter.obj
 0001:0000b2bc       _invalid_parameter_noinfo_noreturn 000000018000c2bc f   libucrt:invalid_parameter.obj
 0001:0000b2ec       _invoke_watson             000000018000c2ec f   libucrt:invalid_parameter.obj
 0001:0000b334       malloc                     000000018000c334 f   libucrt:malloc.obj
 0001:0000b33c       __ascii_stricmp            000000018000c33c f   libucrt:stricmp.obj
 0001:0000b378       _stricmp                   000000018000c378 f   libucrt:stricmp.obj
 0001:0000b3c0       _stricmp_l                 000000018000c3c0 f   libucrt:stricmp.obj
 0001:0000b474       __acrt_initialize_new_handler 000000018000c474 f   libucrt:new_handler.obj
 0001:0000b47c       _callnewh                  000000018000c47c f   libucrt:new_handler.obj
 0001:0000b4bc       _query_new_handler         000000018000c4bc f   libucrt:new_handler.obj
 0001:0000b4f0       _initterm                  000000018000c4f0 f   libucrt:initterm.obj
 0001:0000b568       _initterm_e                000000018000c568 f   libucrt:initterm.obj
 0001:0000b5b4       _seh_filter_dll            000000018000c5b4 f   libucrt:exception_filter.obj
 0001:0000b5c8       _seh_filter_exe            000000018000c5c8 f   libucrt:exception_filter.obj
 0001:0000b988       __acrt_initialize_thread_local_exit_callback 000000018000c988 f   libucrt:exit.obj
 0001:0000b990       _cexit                     000000018000c990 f   libucrt:exit.obj
 0001:0000b9a0       _exit                      000000018000c9a0 f   libucrt:exit.obj
 0001:0000b9ac       _is_c_termination_complete 000000018000c9ac f   libucrt:exit.obj
 0001:0000bb70       __acrt_allocate_buffer_for_argv 000000018000cb70 f   libucrt:argv_parsing.obj
 0001:0000bbd4       _configure_narrow_argv     000000018000cbd4 f   libucrt:argv_parsing.obj
 0001:0000bf30       __dcrt_uninitialize_environments_nolock 000000018000cf30 f   libucrt:environment_initialization.obj
 0001:0000bf68       _initialize_narrow_environment 000000018000cf68 f   libucrt:environment_initialization.obj
 0001:0000bf70       ??$?RV<lambda_b8c45f8f788dd370798f47cfe8ac3a86>@@AEAV<lambda_4e60a939b0d047cfe11ddc22648dfba9>@@V<lambda_332c3edc96d0294ec56c57d38c1cdfd5>@@@?$__crt_seh_guarded_call@H@@QEAAH$$QEAV<lambda_b8c45f8f788dd370798f47cfe8ac3a86>@@AEAV<lambda_4e60a939b0d047cfe11ddc22648dfba9>@@$$QEAV<lambda_332c3edc96d0294ec56c57d38c1cdfd5>@@@Z 000000018000cf70 f i libucrt:onexit.obj
 0001:0000bfac       ??$?RV<lambda_e24bbb7b643b32fcea6fa61b31d4c984>@@AEAV<lambda_275893d493268fdec8709772e3fcec0e>@@V<lambda_9d71df4d7cf3f480f8d633942495c3b0>@@@?$__crt_seh_guarded_call@H@@QEAAH$$QEAV<lambda_e24bbb7b643b32fcea6fa61b31d4c984>@@AEAV<lambda_275893d493268fdec8709772e3fcec0e>@@$$QEAV<lambda_9d71df4d7cf3f480f8d633942495c3b0>@@@Z 000000018000cfac f i libucrt:onexit.obj
 0001:0000c328       _crt_atexit                000000018000d328 f   libucrt:onexit.obj
 0001:0000c338       _execute_onexit_table      000000018000d338 f   libucrt:onexit.obj
 0001:0000c374       _initialize_onexit_table   000000018000d374 f   libucrt:onexit.obj
 0001:0000c3b4       _register_onexit_function  000000018000d3b4 f   libucrt:onexit.obj
 0001:0000c444       __acrt_uninitialize_command_line 000000018000d444 f   libucrt:argv_data.obj
 0001:0000c534       __acrt_initialize          000000018000d534 f   libucrt:initialization.obj
 0001:0000c548       __acrt_thread_attach       000000018000d548 f   libucrt:initialization.obj
 0001:0000c55c       __acrt_thread_detach       000000018000d55c f   libucrt:initialization.obj
 0001:0000c56c       __acrt_uninitialize        000000018000d56c f   libucrt:initialization.obj
 0001:0000c580       __acrt_uninitialize_critical 000000018000d580 f   libucrt:initialization.obj
 0001:0000c590       terminate                  000000018000d590 f   libucrt:terminate.obj
 0001:0000c5b8       abort                      000000018000d5b8 f   libucrt:abort.obj
 0001:0000c610       strcpy_s                   000000018000d610 f   libucrt:strcpy_s.obj
 0001:0000c670       _free_base                 000000018000d670 f   libucrt:free_base.obj
 0001:0000c6b0       _malloc_base               000000018000d6b0 f   libucrt:malloc_base.obj
 0001:0000c710       _calloc_base               000000018000d710 f   libucrt:calloc_base.obj
 0001:0000c788       isdigit                    000000018000d788 f i libucrt:_ctype.obj
 0001:0000c84c       _tolower_l                 000000018000d84c f   libucrt:tolower_toupper.obj
 0001:0000c98c       tolower                    000000018000d98c f   libucrt:tolower_toupper.obj
 0001:0000c9b8       __acrt_errno_from_os_error 000000018000d9b8 f   libucrt:errno.obj
 0001:0000ca00       __acrt_errno_map_os_error  000000018000da00 f   libucrt:errno.obj
 0001:0000ca50       __doserrno                 000000018000da50 f   libucrt:errno.obj
 0001:0000ca70       _errno                     000000018000da70 f   libucrt:errno.obj
 0001:0000ca90       strtol                     000000018000da90 f   libucrt:strtox.obj
 0001:0000cac0       wcstol                     000000018000dac0 f   libucrt:strtox.obj
 0001:0000caf0       _mbtowc_l                  000000018000daf0 f   libucrt:mbtowc.obj
 0001:0000cc38       mbtowc                     000000018000dc38 f   libucrt:mbtowc.obj
 0001:0000cc40       _wctomb_s_l                000000018000dc40 f   libucrt:wctomb.obj
 0001:0000cdc4       wctomb_s                   000000018000ddc4 f   libucrt:wctomb.obj
 0001:0000cdd8       strnlen                    000000018000ddd8 f   libucrt:strnlen.obj
 0001:0000cf34       wcsnlen                    000000018000df34 f   libucrt:strnlen.obj
 0001:0000d124       ??$?RV<lambda_46352004c1216016012b18bd6f87e700>@@AEAV<lambda_3bd07e1a1191394380780325891bf33f>@@V<lambda_334532d3f185bcaa59b5be82d7d22bff>@@@?$__crt_seh_guarded_call@X@@QEAAX$$QEAV<lambda_46352004c1216016012b18bd6f87e700>@@AEAV<lambda_3bd07e1a1191394380780325891bf33f>@@$$QEAV<lambda_334532d3f185bcaa59b5be82d7d22bff>@@@Z 000000018000e124 f i libucrt:per_thread_data.obj
 0001:0000d184       ??$?RV<lambda_5e887d1dcbef67a5eb4283622ba103bf>@@AEAV<lambda_4466841279450cc726390878d4a41900>@@V<lambda_341c25c0346d94847f1f3c463c57e077>@@@?$__crt_seh_guarded_call@X@@QEAAX$$QEAV<lambda_5e887d1dcbef67a5eb4283622ba103bf>@@AEAV<lambda_4466841279450cc726390878d4a41900>@@$$QEAV<lambda_341c25c0346d94847f1f3c463c57e077>@@@Z 000000018000e184 f i libucrt:per_thread_data.obj
 0001:0000d1cc       ??$?RV<lambda_72d1df2b273a38828b1ce30cbf4cdab5>@@AEAV<lambda_876a65b173b8412d3a47c70a915b0cf4>@@V<lambda_41932305e351933ebe8f8be3ed8bb5dc>@@@?$__crt_seh_guarded_call@X@@QEAAX$$QEAV<lambda_72d1df2b273a38828b1ce30cbf4cdab5>@@AEAV<lambda_876a65b173b8412d3a47c70a915b0cf4>@@$$QEAV<lambda_41932305e351933ebe8f8be3ed8bb5dc>@@@Z 000000018000e1cc f i libucrt:per_thread_data.obj
 0001:0000d20c       ??$?RV<lambda_fb3a7dec4e47f37f22dae91bb15c9095>@@AEAV<lambda_698284760c8add0bfb0756c19673e34b>@@V<lambda_dfb8eca1e75fef3034a8fb18dd509707>@@@?$__crt_seh_guarded_call@X@@QEAAX$$QEAV<lambda_fb3a7dec4e47f37f22dae91bb15c9095>@@AEAV<lambda_698284760c8add0bfb0756c19673e34b>@@$$QEAV<lambda_dfb8eca1e75fef3034a8fb18dd509707>@@@Z 000000018000e20c f i libucrt:per_thread_data.obj
 0001:0000d49c       __acrt_freeptd             000000018000e49c f   libucrt:per_thread_data.obj
 0001:0000d4e0       __acrt_getptd              000000018000e4e0 f   libucrt:per_thread_data.obj
 0001:0000d574       __acrt_getptd_noexit       000000018000e574 f   libucrt:per_thread_data.obj
 0001:0000d614       __acrt_initialize_ptd      000000018000e614 f   libucrt:per_thread_data.obj
 0001:0000d650       __acrt_uninitialize_ptd    000000018000e650 f   libucrt:per_thread_data.obj
 0001:0000d674       __acrt_update_locale_info  000000018000e674 f   libucrt:locale_update.obj
 0001:0000d6a8       __acrt_update_multibyte_info 000000018000e6a8 f   libucrt:locale_update.obj
 0001:0000d6dc       ?__acrt_fp_classify@@YA?AW4__acrt_fp_class@@AEBN@Z 000000018000e6dc f i libucrt:cvt.obj
 0001:0000e114       __acrt_fp_format           000000018000f114 f   libucrt:cvt.obj
 0001:0000e358       _fputwc_nolock             000000018000f358 f   libucrt:fputwc.obj
 0001:0000e4d4       _fileno                    000000018000f4d4 f   libucrt:fileno.obj
 0001:0000e4fc       __acrt_initialize_stdio    000000018000f4fc f   libucrt:_file.obj
 0001:0000e61c       __acrt_iob_func            000000018000f61c f   libucrt:_file.obj
 0001:0000e630       __acrt_uninitialize_stdio  000000018000f630 f   libucrt:_file.obj
 0001:0000e68c       _lock_file                 000000018000f68c f   libucrt:_file.obj
 0001:0000e698       _unlock_file               000000018000f698 f   libucrt:_file.obj
 0001:0000e6a4       _fputc_nolock              000000018000f6a4 f   libucrt:fputc.obj
 0001:0000e6bc       _get_printf_count_output   000000018000f6bc f   libucrt:printf_count_output.obj
 0001:0000e6d4       __acrt_stdio_begin_temporary_buffering_nolock 000000018000f6d4 f   libucrt:_sftbuf.obj
 0001:0000e7a4       __acrt_stdio_end_temporary_buffering_nolock 000000018000f7a4 f   libucrt:_sftbuf.obj
 0001:0000e7e0       __acrt_set_locale_changed  000000018000f7e0 f   libucrt:wsetlocale.obj
 0001:0000e7ec       __acrt_uninitialize_locale 000000018000f7ec f   libucrt:wsetlocale.obj
 0001:0000ea1c       __acrt_initialize_lowio    000000018000fa1c f   libucrt:ioinit.obj
 0001:0000ea58       __acrt_uninitialize_lowio  000000018000fa58 f   libucrt:ioinit.obj
 0001:0000ea98       __pctype_func              000000018000fa98 f   libucrt:ctype.obj
 0001:0000eac8       iswctype                   000000018000fac8 f   libucrt:iswctype.obj
 0001:0000eb38       _isctype_l                 000000018000fb38 f   libucrt:isctype.obj
 0001:0000ec48       _query_app_type            000000018000fc48 f   libucrt:report_runtime_error.obj
 0001:0000ed78       _itow_s                    000000018000fd78 f   libucrt:xtoa.obj
 0001:0000ed98       _set_error_mode            000000018000fd98 f   libucrt:set_error_mode.obj
 0001:0000edd8       wcscat_s                   000000018000fdd8 f   libucrt:wcscat_s.obj
 0001:0000ee58       wcscpy_s                   000000018000fe58 f   libucrt:wcscpy_s.obj
 0001:0000eec0       wcsncat_s                  000000018000fec0 f   libucrt:wcsncat_s.obj
 0001:0000efe8       __acrt_show_wide_message_box 000000018000ffe8 f   libucrt:crtmbox.obj
 0001:0000f104       __acrt_stdio_flush_nolock  0000000180010104 f   libucrt:fflush.obj
 0001:0000f17c       _fflush_nolock             000000018001017c f   libucrt:fflush.obj
 0001:0000f1c8       _flushall                  00000001800101c8 f   libucrt:fflush.obj
 0001:0000f2b8       fflush                     00000001800102b8 f   libucrt:fflush.obj
 0001:0000f2fc       ??$?RV<lambda_7a5ef57ff966f610505f1d28a3d40618>@@AEAV<lambda_b721fa326cdb32351d23dfa67958c160>@@V<lambda_5e0fb27672408a07956fe59e48ccb2aa>@@@?$__crt_seh_guarded_call@H@@QEAAH$$QEAV<lambda_7a5ef57ff966f610505f1d28a3d40618>@@AEAV<lambda_b721fa326cdb32351d23dfa67958c160>@@$$QEAV<lambda_5e0fb27672408a07956fe59e48ccb2aa>@@@Z 00000001800102fc f i libucrt:setvbuf.obj
 0001:0000f42c       setvbuf                    000000018001042c f   libucrt:setvbuf.obj
 0001:0000f4cc       ??$?RV<lambda_c36588078e9f5dfd39652860aa6b3aaf>@@AEAV<lambda_ec61778202f4f5fc7e7711acc23c3bca>@@V<lambda_dc9d2797ccde5d239b4a0efae8ebd7db>@@@?$__crt_seh_guarded_call@P6AXH@Z@@QEAAP6AXH@Z$$QEAV<lambda_c36588078e9f5dfd39652860aa6b3aaf>@@AEAV<lambda_ec61778202f4f5fc7e7711acc23c3bca>@@$$QEAV<lambda_dc9d2797ccde5d239b4a0efae8ebd7db>@@@Z 00000001800104cc f i libucrt:signal.obj
 0001:0000f514       __acrt_get_sigabrt_handler 0000000180010514 f   libucrt:signal.obj
 0001:0000f544       __acrt_initialize_signal_handlers 0000000180010544 f   libucrt:signal.obj
 0001:0000f564       raise                      0000000180010564 f   libucrt:signal.obj
 0001:0000f800       __acrt_initialize_locks    0000000180010800 f   libucrt:locks.obj
 0001:0000f848       __acrt_lock                0000000180010848 f   libucrt:locks.obj
 0001:0000f864       __acrt_uninitialize_locks  0000000180010864 f   libucrt:locks.obj
 0001:0000f89c       __acrt_unlock              000000018001089c f   libucrt:locks.obj
 0001:0000fa58       __acrt_FlsAlloc            0000000180010a58 f   libucrt:winapi_thunks.obj
 0001:0000fab0       __acrt_FlsFree             0000000180010ab0 f   libucrt:winapi_thunks.obj
 0001:0000fb08       __acrt_FlsGetValue         0000000180010b08 f   libucrt:winapi_thunks.obj
 0001:0000fb60       __acrt_FlsSetValue         0000000180010b60 f   libucrt:winapi_thunks.obj
 0001:0000fbc8       __acrt_InitializeCriticalSectionEx 0000000180010bc8 f   libucrt:winapi_thunks.obj
 0001:0000fc40       __acrt_LCMapStringEx       0000000180010c40 f   libucrt:winapi_thunks.obj
 0001:0000fd30       __acrt_LocaleNameToLCID    0000000180010d30 f   libucrt:winapi_thunks.obj
 0001:0000fd98       __acrt_MessageBoxW         0000000180010d98 f   libucrt:winapi_thunks.obj
 0001:0000fe20       __acrt_can_show_message_box 0000000180010e20 f   libucrt:winapi_thunks.obj
 0001:0000fe7c       __acrt_get_parent_window   0000000180010e7c f   libucrt:winapi_thunks.obj
 0001:0000ff0c       __acrt_initialize_winapi_thunks 0000000180010f0c f   libucrt:winapi_thunks.obj
 0001:0000ff44       __acrt_is_interactive      0000000180010f44 f   libucrt:winapi_thunks.obj
 0001:00010018       __acrt_is_packaged_app     0000000180011018 f   libucrt:winapi_thunks.obj
 0001:000100a0       __acrt_uninitialize_winapi_thunks 00000001800110a0 f   libucrt:winapi_thunks.obj
 0001:000105c0       ?expand_if_necessary@?$argument_list@D@?A0xca0879c4@@AEAAHXZ 00000001800115c0 f i libucrt:argv_wildcards.obj
 0001:00010688       __acrt_expand_narrow_argv_wildcards 0000000180011688 f   libucrt:argv_wildcards.obj
 0001:00010690       ??$?RV<lambda_99476a1ad63dd22509b5d3e65b0ffc95>@@AEAV<lambda_ad1ced32f4ac17aa236e5ef05d6b3b7c>@@V<lambda_f7424dd8d45958661754dc4f2697e9c3>@@@?$__crt_seh_guarded_call@X@@QEAAX$$QEAV<lambda_99476a1ad63dd22509b5d3e65b0ffc95>@@AEAV<lambda_ad1ced32f4ac17aa236e5ef05d6b3b7c>@@$$QEAV<lambda_f7424dd8d45958661754dc4f2697e9c3>@@@Z 0000000180011690 f i libucrt:mbctype.obj
 0001:00010d8c       __acrt_initialize_multibyte 0000000180011d8c f   libucrt:mbctype.obj
 0001:00010db4       __acrt_update_thread_multibyte_data 0000000180011db4 f   libucrt:mbctype.obj
 0001:00010e74       _setmbcp_nolock            0000000180011e74 f   libucrt:mbctype.obj
 0001:00011194       _ismbblead                 0000000180012194 f   libucrt:ismbbyte.obj
 0001:000111a8       __acrt_initialize_command_line 00000001800121a8 f   libucrt:argv_data.obj
 0001:000111d0       __dcrt_get_narrow_environment_from_os 00000001800121d0 f   libucrt:get_environment_from_os.obj
 0001:000112d4       _recalloc                  00000001800122d4 f   libucrt:recalloc.obj
 0001:000112dc       _recalloc_base             00000001800122dc f   libucrt:recalloc.obj
 0001:00011374       __acrt_initialize_heap     0000000180012374 f   libucrt:heap_handle.obj
 0001:00011390       __acrt_uninitialize_heap   0000000180012390 f   libucrt:heap_handle.obj
 0001:0001139c       __acrt_execute_initializers 000000018001239c f   libucrt:shared_initialization.obj
 0001:00011430       __acrt_execute_uninitializers 0000000180012430 f   libucrt:shared_initialization.obj
 0001:00011480       __acrt_has_user_matherr    0000000180012480 f   libucrt:matherr.obj
 0001:000114a0       __acrt_initialize_user_matherr 00000001800124a0 f   libucrt:matherr.obj
 0001:000114a8       __acrt_invoke_user_matherr 00000001800124a8 f   libucrt:matherr.obj
 0001:000114f0       _query_new_mode            00000001800124f0 f   libucrt:new_mode.obj
 0001:000114f8       _isleadbyte_l              00000001800124f8 f i libucrt:_wctype.obj
 0001:00011894       __acrt_LCMapStringA        0000000180012894 f   libucrt:lcmapstringa.obj
 0001:0001192c       __acrt_add_locale_ref      000000018001292c f   libucrt:locale_refcounting.obj
 0001:000119b8       __acrt_free_locale         00000001800129b8 f   libucrt:locale_refcounting.obj
 0001:00011b30       __acrt_locale_add_lc_time_reference 0000000180012b30 f   libucrt:locale_refcounting.obj
 0001:00011b58       __acrt_locale_free_lc_time_if_unreferenced 0000000180012b58 f   libucrt:locale_refcounting.obj
 0001:00011b90       __acrt_locale_release_lc_time_reference 0000000180012b90 f   libucrt:locale_refcounting.obj
 0001:00011bb8       __acrt_release_locale_ref  0000000180012bb8 f   libucrt:locale_refcounting.obj
 0001:00011c60       __acrt_update_thread_locale_data 0000000180012c60 f   libucrt:locale_refcounting.obj
 0001:00011cd0       _updatetlocinfoEx_nolock   0000000180012cd0 f   libucrt:locale_refcounting.obj
 0001:00011d38       __acrt_fp_strflt_to_string 0000000180012d38 f   libucrt:_fptostr.obj
 0001:00011e00       ?divide@__crt_strtox@@YA_KAEAUbig_integer@1@AEBU21@@Z 0000000180012e00 f i libucrt:cfout.obj
 0001:000122d0       __acrt_fltout              00000001800132d0 f   libucrt:cfout.obj
 0001:000138d4       __acrt_stdio_flush_and_write_narrow_nolock 00000001800148d4 f   libucrt:_flsbuf.obj
 0001:000139bc       __acrt_stdio_flush_and_write_wide_nolock 00000001800149bc f   libucrt:_flsbuf.obj
 0001:00013aa8       _fcloseall                 0000000180014aa8 f   libucrt:closeall.obj
 0001:00013b5c       __acrt_stdio_free_buffer_nolock 0000000180014b5c f   libucrt:_freebuf.obj
 0001:00013b9c       _isatty                    0000000180014b9c f   libucrt:isatty.obj
 0001:00013bfc       __acrt_locale_free_monetary 0000000180014bfc f   libucrt:initmon.obj
 0001:00013d08       __acrt_locale_free_numeric 0000000180014d08 f   libucrt:initnum.obj
 0001:00013dcc       __acrt_locale_free_time    0000000180014dcc f   libucrt:inittime.obj
 0001:00013ed4       __acrt_GetStringTypeA      0000000180014ed4 f   libucrt:getstringtypea.obj
 0001:00014088       __acrt_lowio_create_handle_array 0000000180015088 f   libucrt:osfinfo.obj
 0001:00014120       __acrt_lowio_destroy_handle_array 0000000180015120 f   libucrt:osfinfo.obj
 0001:00014170       __acrt_lowio_ensure_fh_exists 0000000180015170 f   libucrt:osfinfo.obj
 0001:00014228       __acrt_lowio_lock_fh       0000000180015228 f   libucrt:osfinfo.obj
 0001:0001424c       __acrt_lowio_unlock_fh     000000018001524c f   libucrt:osfinfo.obj
 0001:00014270       _free_osfhnd               0000000180015270 f   libucrt:osfinfo.obj
 0001:0001432c       _get_osfhandle             000000018001532c f   libucrt:osfinfo.obj
 0001:000143a4       ??$?RV<lambda_b521505b218e5242e90febf6bfebc422>@@AEAV<lambda_6978c1fb23f02e42e1d9e99668cc68aa>@@V<lambda_314360699dd331753a4119843814e9a7>@@@?$__crt_seh_guarded_call@H@@QEAAH$$QEAV<lambda_b521505b218e5242e90febf6bfebc422>@@AEAV<lambda_6978c1fb23f02e42e1d9e99668cc68aa>@@$$QEAV<lambda_314360699dd331753a4119843814e9a7>@@@Z 00000001800153a4 f i libucrt:commit.obj
 0001:00014430       _commit                    0000000180015430 f   libucrt:commit.obj
 0001:00014a64       _write                     0000000180015a64 f   libucrt:write.obj
 0001:00014b50       _write_nolock              0000000180015b50 f   libucrt:write.obj
 0001:00014efc       __acrt_DownlevelLocaleNameToLCID 0000000180015efc f   libucrt:lcidtoname_downlevel.obj
 0001:00015000       qsort                      0000000180016000 f   libucrt:qsort.obj
 0001:00015334       strncpy_s                  0000000180016334 f   libucrt:strncpy_s.obj
 0001:00015408       strpbrk                    0000000180016408 f   libucrt:strpbrk.obj
 0001:000154a8       _mbsdec                    00000001800164a8 f   libucrt:mbsdec.obj
 0001:000154b0       _mbsdec_l                  00000001800164b0 f   libucrt:mbsdec.obj
 0001:00015560       _msize                     0000000180016560 f   libucrt:msize.obj
 0001:0001559c       _realloc_base              000000018001659c f   libucrt:realloc_base.obj
 0001:00015620       __strncnt                  0000000180016620 f   libucrt:strncnt.obj
 0001:00015638       fegetenv                   0000000180016638 f   libucrt:fegetenv.obj
 0001:00015658       fesetenv                   0000000180016658 f   libucrt:fesetenv.obj
 0001:000156a4       feholdexcept               00000001800166a4 f   libucrt:feholdexcept.obj
 0001:000156f4       ceil                       00000001800166f4 f   libucrt:ceil.obj
 0001:000157c0       log10                      00000001800167c0 f   libucrt:log10.obj
 0001:00015ef8       _lseeki64                  0000000180016ef8 f   libucrt:lseek.obj
 0001:00015f00       _lseeki64_nolock           0000000180016f00 f   libucrt:lseek.obj
 0001:00015f08       __acrt_stdio_allocate_buffer_nolock 0000000180016f08 f   libucrt:_getbuf.obj
 0001:00015f6c       _fclose_nolock             0000000180016f6c f   libucrt:fclose.obj
 0001:00015ff0       fclose                     0000000180016ff0 f   libucrt:fclose.obj
 0001:0001605c       _putwch_nolock             000000018001705c f   libucrt:putwch.obj
 0001:000160b8       _getfpcontrolword          00000001800170b8 f   libucrt:_fenvutils.obj
 0001:000160d0       _getfpstatusword           00000001800170d0 f   libucrt:_fenvutils.obj
 0001:000160e4       _setfpcontrolword          00000001800170e4 f   libucrt:_fenvutils.obj
 0001:000160f0       _setfpstatusword           00000001800170f0 f   libucrt:_fenvutils.obj
 0001:00016140       _clearfp                   0000000180017140 f   libucrt:ieee.obj
 0001:00016194       _controlfp                 0000000180017194 f   libucrt:ieee.obj
 0001:000161a0       _statusfp                  00000001800171a0 f   libucrt:ieee.obj
 0001:000165a4       _handle_error              00000001800175a4 f   libucrt:libm_error.obj
 0001:000166cc       _handle_nan                00000001800176cc f   libucrt:libm_error.obj
 0001:000166f0       __acrt_initialize_fma3     00000001800176f0 f   libucrt:fma3_available.obj
 0001:00016760       _log10_special             0000000180017760 f   libucrt:log_special.obj
 0001:00016818       ??$?RV<lambda_bfedae4ebbf01fab1bb6dcc6a9e276e0>@@AEAV<lambda_2fe9b910cf3cbf4a0ab98a02ba45b3ec>@@V<lambda_237c231691f317818eb88cc1d5d642d6>@@@?$__crt_seh_guarded_call@H@@QEAAH$$QEAV<lambda_bfedae4ebbf01fab1bb6dcc6a9e276e0>@@AEAV<lambda_2fe9b910cf3cbf4a0ab98a02ba45b3ec>@@$$QEAV<lambda_237c231691f317818eb88cc1d5d642d6>@@@Z 0000000180017818 f i libucrt:close.obj
 0001:0001688c       _close                     000000018001788c f   libucrt:close.obj
 0001:00016930       _close_nolock              0000000180017930 f   libucrt:close.obj
 0001:000169ec       ?__acrt_stdio_free_stream@@YAXV__crt_stdio_stream@@@Z 00000001800179ec f   libucrt:stream.obj
 0001:00016a30       __dcrt_lowio_initialize_console_output 0000000180017a30 f   libucrt:initcon.obj
 0001:00016a6c       __dcrt_terminate_console_output 0000000180017a6c f   libucrt:initcon.obj
 0001:00016aa0       _get_fpsr                  0000000180017aa0 f   libucrt:fpsr.obj
 0001:00016ab0       _set_fpsr                  0000000180017ab0 f   libucrt:fpsr.obj
 0001:00016aba       _fclrf                     0000000180017aba f   libucrt:fpsr.obj
 0001:00016ace       _frnd                      0000000180017ace f   libucrt:fpsr.obj
 0001:00016af0       _raise_exc                 0000000180017af0 f   libucrt:fpexcept.obj
 0001:00016b18       _raise_exc_ex              0000000180017b18 f   libucrt:fpexcept.obj
 0001:00016e20       _set_errno_from_matherr    0000000180017e20 f   libucrt:fpexcept.obj
 0001:00016e50       _clrfp                     0000000180017e50 f   libucrt:fpctrl.obj
 0001:00016e70       _ctrlfp                    0000000180017e70 f   libucrt:fpctrl.obj
 0001:00016eec       _set_statfp                0000000180017eec f   libucrt:fpctrl.obj
 0001:00016f0c       _statfp                    0000000180017f0c f   libucrt:fpctrl.obj
 0001:00016f1e       IsProcessorFeaturePresent  0000000180017f1e f   kernel32:KERNEL32.dll
 0001:00016f24       RtlUnwindEx                0000000180017f24 f   kernel32:KERNEL32.dll
 0001:00016f2c       ?DloadAcquireSectionWriteAccess@@YAXXZ 0000000180017f2c f i DelayImp:delayhlp.obj
 0001:00016fe8       ?DloadGetSRWLockFunctionPointers@@YAEXZ 0000000180017fe8 f i DelayImp:delayhlp.obj
 0001:00017084       ?DloadMakePermanentImageCommit@@YAXPEAX_K@Z 0000000180018084 f i DelayImp:delayhlp.obj
 0001:0001711c       ?DloadObtainSection@@YAPEAXPEAK0@Z 000000018001811c f i DelayImp:delayhlp.obj
 0001:000171b4       ?DloadProtectSection@@YAXKPEAK@Z 00000001800181b4 f i DelayImp:delayhlp.obj
 0001:00017244       ?DloadReleaseSectionWriteAccess@@YAXXZ 0000000180018244 f i DelayImp:delayhlp.obj
 0001:000172e8       __delayLoadHelper2         00000001800182e8 f   DelayImp:delayhlp.obj
 0001:000175f0       _FindPESection             00000001800185f0 f   LIBCMT:pesect.obj
 0001:00017640       _IsNonwritableInCurrentImage 0000000180018640 f   LIBCMT:pesect.obj
 0001:00017690       _ValidateImageBase         0000000180018690 f   LIBCMT:pesect.obj
 0001:000176c0       __GSHandlerCheck           00000001800186c0 f   LIBCMT:_gshandler_.obj
 0001:000176e0       __GSHandlerCheckCommon     00000001800186e0 f   LIBCMT:_gshandler_.obj
 0001:00017750       _alloca_probe              0000000180018750 f   LIBCMT:_chkstk_.obj
 0001:00017750       __chkstk                   0000000180018750 f   LIBCMT:_chkstk_.obj
 0001:000177a4       strrchr                    00000001800187a4 f   libvcruntime:strrchr.obj
 0001:00017900       memcmp                     0000000180018900 f   libvcruntime:memcmp.obj
 0001:000179e0       _guard_dispatch_icall_nop  00000001800189e0 f   LIBCMT:_guard_dispatch_.obj
 0002:00000000       __imp_GetModuleHandleA     0000000180019000     kernel32:KERNEL32.dll
 0002:00000008       __imp_RtlCaptureContext    0000000180019008     kernel32:KERNEL32.dll
 0002:00000010       __imp_RtlLookupFunctionEntry 0000000180019010     kernel32:KERNEL32.dll
 0002:00000018       __imp_RtlVirtualUnwind     0000000180019018     kernel32:KERNEL32.dll
 0002:00000020       __imp_UnhandledExceptionFilter 0000000180019020     kernel32:KERNEL32.dll
 0002:00000028       __imp_SetUnhandledExceptionFilter 0000000180019028     kernel32:KERNEL32.dll
 0002:00000030       __imp_GetCurrentProcess    0000000180019030     kernel32:KERNEL32.dll
 0002:00000038       __imp_TerminateProcess     0000000180019038     kernel32:KERNEL32.dll
 0002:00000040       __imp_IsProcessorFeaturePresent 0000000180019040     kernel32:KERNEL32.dll
 0002:00000048       __imp_QueryPerformanceCounter 0000000180019048     kernel32:KERNEL32.dll
 0002:00000050       __imp_GetCurrentProcessId  0000000180019050     kernel32:KERNEL32.dll
 0002:00000058       __imp_GetCurrentThreadId   0000000180019058     kernel32:KERNEL32.dll
 0002:00000060       __imp_GetSystemTimeAsFileTime 0000000180019060     kernel32:KERNEL32.dll
 0002:00000068       __imp_InitializeSListHead  0000000180019068     kernel32:KERNEL32.dll
 0002:00000070       __imp_IsDebuggerPresent    0000000180019070     kernel32:KERNEL32.dll
 0002:00000078       __imp_GetStartupInfoW      0000000180019078     kernel32:KERNEL32.dll
 0002:00000080       __imp_GetModuleHandleW     0000000180019080     kernel32:KERNEL32.dll
 0002:00000088       __imp_RtlUnwindEx          0000000180019088     kernel32:KERNEL32.dll
 0002:00000090       __imp_RtlPcToFileHeader    0000000180019090     kernel32:KERNEL32.dll
 0002:00000098       __imp_RaiseException       0000000180019098     kernel32:KERNEL32.dll
 0002:000000a0       __imp_InterlockedFlushSList 00000001800190a0     kernel32:KERNEL32.dll
 0002:000000a8       __imp_GetLastError         00000001800190a8     kernel32:KERNEL32.dll
 0002:000000b0       __imp_SetLastError         00000001800190b0     kernel32:KERNEL32.dll
 0002:000000b8       __imp_EnterCriticalSection 00000001800190b8     kernel32:KERNEL32.dll
 0002:000000c0       __imp_LeaveCriticalSection 00000001800190c0     kernel32:KERNEL32.dll
 0002:000000c8       __imp_DeleteCriticalSection 00000001800190c8     kernel32:KERNEL32.dll
 0002:000000d0       __imp_InitializeCriticalSectionAndSpinCount 00000001800190d0     kernel32:KERNEL32.dll
 0002:000000d8       __imp_TlsAlloc             00000001800190d8     kernel32:KERNEL32.dll
 0002:000000e0       __imp_TlsGetValue          00000001800190e0     kernel32:KERNEL32.dll
 0002:000000e8       __imp_TlsSetValue          00000001800190e8     kernel32:KERNEL32.dll
 0002:000000f0       __imp_TlsFree              00000001800190f0     kernel32:KERNEL32.dll
 0002:000000f8       __imp_FreeLibrary          00000001800190f8     kernel32:KERNEL32.dll
 0002:00000100       __imp_GetProcAddress       0000000180019100     kernel32:KERNEL32.dll
 0002:00000108       __imp_LoadLibraryExW       0000000180019108     kernel32:KERNEL32.dll
 0002:00000110       __imp_GetStdHandle         0000000180019110     kernel32:KERNEL32.dll
 0002:00000118       __imp_GetFileType          0000000180019118     kernel32:KERNEL32.dll
 0002:00000120       __imp_GetModuleFileNameA   0000000180019120     kernel32:KERNEL32.dll
 0002:00000128       __imp_GetModuleFileNameW   0000000180019128     kernel32:KERNEL32.dll
 0002:00000130       __imp_GetModuleHandleExW   0000000180019130     kernel32:KERNEL32.dll
 0002:00000138       __imp_WriteConsoleW        0000000180019138     kernel32:KERNEL32.dll
 0002:00000140       __imp_ExitProcess          0000000180019140     kernel32:KERNEL32.dll
 0002:00000148       __imp_MultiByteToWideChar  0000000180019148     kernel32:KERNEL32.dll
 0002:00000150       __imp_WideCharToMultiByte  0000000180019150     kernel32:KERNEL32.dll
 0002:00000158       __imp_HeapFree             0000000180019158     kernel32:KERNEL32.dll
 0002:00000160       __imp_HeapAlloc            0000000180019160     kernel32:KERNEL32.dll
 0002:00000168       __imp_GetACP               0000000180019168     kernel32:KERNEL32.dll
 0002:00000170       __imp_GetStringTypeW       0000000180019170     kernel32:KERNEL32.dll
 0002:00000178       __imp_WriteFile            0000000180019178     kernel32:KERNEL32.dll
 0002:00000180       __imp_OutputDebugStringW   0000000180019180     kernel32:KERNEL32.dll
 0002:00000188       __imp_CloseHandle          0000000180019188     kernel32:KERNEL32.dll
 0002:00000190       __imp_WaitForSingleObjectEx 0000000180019190     kernel32:KERNEL32.dll
 0002:00000198       __imp_CreateThread         0000000180019198     kernel32:KERNEL32.dll
 0002:000001a0       __imp_LCMapStringW         00000001800191a0     kernel32:KERNEL32.dll
 0002:000001a8       __imp_FindClose            00000001800191a8     kernel32:KERNEL32.dll
 0002:000001b0       __imp_FindFirstFileExA     00000001800191b0     kernel32:KERNEL32.dll
 0002:000001b8       __imp_FindNextFileA        00000001800191b8     kernel32:KERNEL32.dll
 0002:000001c0       __imp_IsValidCodePage      00000001800191c0     kernel32:KERNEL32.dll
 0002:000001c8       __imp_GetOEMCP             00000001800191c8     kernel32:KERNEL32.dll
 0002:000001d0       __imp_GetCPInfo            00000001800191d0     kernel32:KERNEL32.dll
 0002:000001d8       __imp_GetCommandLineA      00000001800191d8     kernel32:KERNEL32.dll
 0002:000001e0       __imp_GetCommandLineW      00000001800191e0     kernel32:KERNEL32.dll
 0002:000001e8       __imp_GetEnvironmentStringsW 00000001800191e8     kernel32:KERNEL32.dll
 0002:000001f0       __imp_FreeEnvironmentStringsW 00000001800191f0     kernel32:KERNEL32.dll
 0002:000001f8       __imp_GetProcessHeap       00000001800191f8     kernel32:KERNEL32.dll
 0002:00000200       __imp_SetStdHandle         0000000180019200     kernel32:KERNEL32.dll
 0002:00000208       __imp_FlushFileBuffers     0000000180019208     kernel32:KERNEL32.dll
 0002:00000210       __imp_GetConsoleCP         0000000180019210     kernel32:KERNEL32.dll
 0002:00000218       __imp_GetConsoleMode       0000000180019218     kernel32:KERNEL32.dll
 0002:00000220       __imp_HeapSize             0000000180019220     kernel32:KERNEL32.dll
 0002:00000228       __imp_HeapReAlloc          0000000180019228     kernel32:KERNEL32.dll
 0002:00000230       __imp_SetFilePointerEx     0000000180019230     kernel32:KERNEL32.dll
 0002:00000238       __imp_CreateFileW          0000000180019238     kernel32:KERNEL32.dll
 0002:00000240       __imp_GetSystemInfo        0000000180019240     kernel32:KERNEL32.dll
 0002:00000248       __imp_VirtualProtect       0000000180019248     kernel32:KERNEL32.dll
 0002:00000250       __imp_VirtualQuery         0000000180019250     kernel32:KERNEL32.dll
 0002:00000258       __imp_LoadLibraryExA       0000000180019258     kernel32:KERNEL32.dll
 0002:00000260       \177KERNEL32_NULL_THUNK_DATA 0000000180019260     kernel32:KERNEL32.dll
 0002:00000268       __guard_check_icall_fptr   0000000180019268     LIBCMT:guard_support.obj
 0002:00000270       __guard_dispatch_icall_fptr 0000000180019270     LIBCMT:guard_support.obj
 0002:00000278       __xc_a                     0000000180019278     LIBCMT:initializers.obj
 0002:00000280       _register_bcrypt_lib_      0000000180019280     bcrypt_node.obj
 0002:00000288       __xc_z                     0000000180019288     LIBCMT:initializers.obj
 0002:00000290       __xi_a                     0000000180019290     LIBCMT:initializers.obj
 0002:00000298       __acrt_stdio_initializer   0000000180019298     libucrt:stdio_initializer.obj
 0002:000002a0       __acrt_multibyte_initializer 00000001800192a0     libucrt:multibyte_initializer.obj
 0002:000002a8       __acrt_tran_fma3_initializer 00000001800192a8     libucrt:fma3_initializer.obj
 0002:000002b0       __xi_z                     00000001800192b0     LIBCMT:initializers.obj
 0002:000002b8       __xp_a                     00000001800192b8     LIBCMT:initializers.obj
 0002:000002c0       __acrt_locale_terminator   00000001800192c0     libucrt:locale_initializer.obj
 0002:000002c8       __dcrt_console_output_terminator 00000001800192c8     libucrt:console_output_initializer.obj
 0002:000002d0       __acrt_stdio_terminator    00000001800192d0     libucrt:stdio_initializer.obj
 0002:000002d8       __xp_z                     00000001800192d8     LIBCMT:initializers.obj
 0002:000002e0       __xt_a                     00000001800192e0     LIBCMT:initializers.obj
 0002:000002e8       __xt_z                     00000001800192e8     LIBCMT:initializers.obj
 0002:000002f0       __sz_node_exe              00000001800192f0     node:node.exe
 0002:00000300       _pDefaultRawDllMain        0000000180019300     LIBCMT:dll_dllmain.obj
 0002:00000300       _pRawDllMain               0000000180019300     LIBCMT:dll_dllmain.obj
 0002:00000320       ??_7exception@std@@6B@     0000000180019320     LIBCMT:throw_bad_alloc.obj
 0002:00000330       ??_C@_0BC@EOODALEL@Unknown?5exception?$AA@ 0000000180019330     LIBCMT:throw_bad_alloc.obj
 0002:00000350       ??_7bad_alloc@std@@6B@     0000000180019350     LIBCMT:throw_bad_alloc.obj
 0002:00000360       ??_C@_0P@GHFPNOJB@bad?5allocation?$AA@ 0000000180019360     LIBCMT:throw_bad_alloc.obj
 0002:00000378       ??_7bad_array_new_length@std@@6B@ 0000000180019378     LIBCMT:throw_bad_alloc.obj
 0002:00000388       ??_C@_0BF@KINCDENJ@bad?5array?5new?5length?$AA@ 0000000180019388     LIBCMT:throw_bad_alloc.obj
 0002:000003a8       ??_7type_info@@6B@         00000001800193a8     LIBCMT:std_type_info_static.obj
 0002:000003b8       ??_7logic_error@std@@6B@   00000001800193b8     libcpmt:xthrow.obj
 0002:000003d0       ??_7length_error@std@@6B@  00000001800193d0     libcpmt:xthrow.obj
 0002:000003e8       ??_7out_of_range@std@@6B@  00000001800193e8     libcpmt:xthrow.obj
 0002:00000460       ??_C@_1BC@DNHGCMLG@?$AAa?$AAd?$AAv?$AAa?$AAp?$AAi?$AA3?$AA2?$AA?$AA@ 0000000180019460     libvcruntime:winapi_downlevel.obj
 0002:00000478       ??_C@_1DM@KHCHBNEB@?$AAa?$AAp?$AAi?$AA?9?$AAm?$AAs?$AA?9?$AAw?$AAi?$AAn?$AA?9?$AAc?$AAo?$AAr?$AAe?$AA?9?$AAf?$AAi?$AAb?$AAe?$AAr?$AAs?$AA?9?$AAl?$AA1?$AA?9?$AA1?$AA?9?$AA1?$AA?$AA@ 0000000180019478     libvcruntime:winapi_downlevel.obj
 0002:000004b8       ??_C@_1DK@LPPGFMPP@?$AAa?$AAp?$AAi?$AA?9?$AAm?$AAs?$AA?9?$AAw?$AAi?$AAn?$AA?9?$AAc?$AAo?$AAr?$AAe?$AA?9?$AAs?$AAy?$AAn?$AAc?$AAh?$AA?9?$AAl?$AA1?$AA?9?$AA2?$AA?9?$AA0?$AA?$AA@ 00000001800194b8     libvcruntime:winapi_downlevel.obj
 0002:000004f8       ??_C@_1BC@GDMECMAK@?$AAk?$AAe?$AAr?$AAn?$AAe?$AAl?$AA3?$AA2?$AA?$AA@ 00000001800194f8     libvcruntime:winapi_downlevel.obj
 0002:00000518       ??_C@_08KNHFBNJ@FlsAlloc?$AA@ 0000000180019518     libvcruntime:winapi_downlevel.obj
 0002:00000530       ??_C@_07PEJMOBNF@FlsFree?$AA@ 0000000180019530     libvcruntime:winapi_downlevel.obj
 0002:00000540       ??_C@_0M@GDNOONDI@FlsGetValue?$AA@ 0000000180019540     libvcruntime:winapi_downlevel.obj
 0002:00000558       ??_C@_0M@JCPCPOEF@FlsSetValue?$AA@ 0000000180019558     libvcruntime:winapi_downlevel.obj
 0002:00000570       ??_C@_0BM@HCFOFFN@InitializeCriticalSectionEx?$AA@ 0000000180019570     libvcruntime:winapi_downlevel.obj
 0002:000008b0       ??_C@_08EHJDFFNH@__based?$CI?$AA@ 00000001800198b0     libvcruntime:undname.obj
 0002:000008c0       ??_C@_07KOLFKCDI@__cdecl?$AA@ 00000001800198c0     libvcruntime:undname.obj
 0002:000008c8       ??_C@_08GHMPAG@__pascal?$AA@ 00000001800198c8     libvcruntime:undname.obj
 0002:000008d8       ??_C@_09IFJBGAPI@__stdcall?$AA@ 00000001800198d8     libvcruntime:undname.obj
 0002:000008e8       ??_C@_0L@NPHFGOKO@__thiscall?$AA@ 00000001800198e8     libvcruntime:undname.obj
 0002:000008f8       ??_C@_0L@JMKHOMEK@__fastcall?$AA@ 00000001800198f8     libvcruntime:undname.obj
 0002:00000908       ??_C@_0N@BCKKPABJ@__vectorcall?$AA@ 0000000180019908     libvcruntime:undname.obj
 0002:00000918       ??_C@_09HIJEGCPM@__clrcall?$AA@ 0000000180019918     libvcruntime:undname.obj
 0002:00000924       ??_C@_06GHPCKEAG@__eabi?$AA@ 0000000180019924     libvcruntime:undname.obj
 0002:00000930       ??_C@_07JOMMBBKO@__ptr64?$AA@ 0000000180019930     libvcruntime:undname.obj
 0002:00000938       ??_C@_0L@PILCLIHE@__restrict?$AA@ 0000000180019938     libvcruntime:undname.obj
 0002:00000948       ??_C@_0M@GFIIJFMG@__unaligned?$AA@ 0000000180019948     libvcruntime:undname.obj
 0002:00000958       ??_C@_09DHDLOLLB@restrict?$CI?$AA@ 0000000180019958     libvcruntime:undname.obj
 0002:00000962       ??_C@_00CNPNBAHC@?$AA@     0000000180019962     libvcruntime:undname.obj
 0002:00000964       ??_C@_04NIHEBCM@?5new?$AA@ 0000000180019964     libvcruntime:undname.obj
 0002:00000970       ??_C@_07FPCDHGMM@?5delete?$AA@ 0000000180019970     libvcruntime:undname.obj
 0002:00000978       ??_C@_01NEMOKFLO@?$DN?$AA@ 0000000180019978     libvcruntime:undname.obj
 0002:0000097c       ??_C@_02GPIOPFAK@?$DO?$DO?$AA@ 000000018001997c     libvcruntime:undname.obj
 0002:00000980       ??_C@_02FODMEDOG@?$DM?$DM?$AA@ 0000000180019980     libvcruntime:undname.obj
 0002:00000984       ??_C@_01DCLJPIOD@?$CB?$AA@ 0000000180019984     libvcruntime:undname.obj
 0002:00000988       ??_C@_02EGOFBIJA@?$DN?$DN?$AA@ 0000000180019988     libvcruntime:undname.obj
 0002:0000098c       ??_C@_02FDNJECIE@?$CB?$DN?$AA@ 000000018001998c     libvcruntime:undname.obj
 0002:00000990       ??_C@_02GPECMEKF@?$FL?$FN?$AA@ 0000000180019990     libvcruntime:undname.obj
 0002:00000998       ??_C@_08LHJFAFGD@operator?$AA@ 0000000180019998     libvcruntime:undname.obj
 0002:000009a4       ??_C@_02HBOOOICD@?9?$DO?$AA@ 00000001800199a4     libvcruntime:undname.obj
 0002:000009a8       ??_C@_01NBENCBCI@?$CK?$AA@ 00000001800199a8     libvcruntime:undname.obj
 0002:000009ac       ??_C@_02ECNGHCIF@?$CL?$CL?$AA@ 00000001800199ac     libvcruntime:undname.obj
 0002:000009b0       ??_C@_02BAABKJLB@?9?9?$AA@ 00000001800199b0     libvcruntime:undname.obj
 0002:000009b4       ??_C@_01JOAMLHOP@?9?$AA@   00000001800199b4     libvcruntime:undname.obj
 0002:000009b8       ??_C@_01MIFGBAGJ@?$CL?$AA@ 00000001800199b8     libvcruntime:undname.obj
 0002:000009bc       ??_C@_01HNPIGOCE@?$CG?$AA@ 00000001800199bc     libvcruntime:undname.obj
 0002:000009c0       ??_C@_03MNHNFDLC@?9?$DO?$CK?$AA@ 00000001800199c0     libvcruntime:undname.obj
 0002:000009c4       ??_C@_01KMDKNFGN@?1?$AA@   00000001800199c4     libvcruntime:undname.obj
 0002:000009c8       ??_C@_01FGNFDNOH@?$CF?$AA@ 00000001800199c8     libvcruntime:undname.obj
 0002:000009cc       ??_C@_01MNNFJEPP@?$DM?$AA@ 00000001800199cc     libvcruntime:undname.obj
 0002:000009d0       ??_C@_02EHCHHCKH@?$DM?$DN?$AA@ 00000001800199d0     libvcruntime:undname.obj
 0002:000009d4       ??_C@_01PPODPGHN@?$DO?$AA@ 00000001800199d4     libvcruntime:undname.obj
 0002:000009d8       ??_C@_02EEKDKGMJ@?$DO?$DN?$AA@ 00000001800199d8     libvcruntime:undname.obj
 0002:000009dc       ??_C@_01IHBHIGKO@?0?$AA@   00000001800199dc     libvcruntime:undname.obj
[...]
 0004:000010bc       $pdata$_isleadbyte_l       00000001800290bc     libucrt:_wctype.obj
 0004:000010c8       $pdata$?__acrt_LCMapStringA_stat@@YAHPEAU__crt_locale_pointers@@PEB_WKPEBDHPEADHHH@Z 00000001800290c8     libucrt:lcmapstringa.obj
 0004:000010d4       $pdata$__acrt_LCMapStringA 00000001800290d4     libucrt:lcmapstringa.obj
 0004:000010e0       $pdata$__acrt_free_locale  00000001800290e0     libucrt:locale_refcounting.obj
 0004:000010ec       $pdata$__acrt_locale_free_lc_time_if_unreferenced 00000001800290ec     libucrt:locale_refcounting.obj
 0004:000010f8       $pdata$__acrt_release_locale_ref 00000001800290f8     libucrt:locale_refcounting.obj
 0004:00001104       $pdata$__acrt_update_thread_locale_data 0000000180029104     libucrt:locale_refcounting.obj
 0004:00001110       $pdata$_updatetlocinfoEx_nolock 0000000180029110     libucrt:locale_refcounting.obj
 0004:0000111c       $pdata$__acrt_fp_strflt_to_string 000000018002911c     libucrt:_fptostr.obj
 0004:00001128       $pdata$?divide@__crt_strtox@@YA_KAEAUbig_integer@1@AEBU21@@Z 0000000180029128     libucrt:cfout.obj
 0004:00001134       $pdata$5$?divide@__crt_strtox@@YA_KAEAUbig_integer@1@AEBU21@@Z 0000000180029134     libucrt:cfout.obj
 0004:00001140       $pdata$6$?divide@__crt_strtox@@YA_KAEAUbig_integer@1@AEBU21@@Z 0000000180029140     libucrt:cfout.obj
 0004:0000114c       $pdata$__acrt_fltout       000000018002914c     libucrt:cfout.obj
 0004:00001158       $pdata$memcpy_s            0000000180029158     libucrt:cfout.obj
 0004:00001164       $pdata$??$write_buffer_nolock@D@@YA_NDV__crt_stdio_stream@@@Z 0000000180029164     libucrt:_flsbuf.obj
 0004:00001170       $pdata$??$write_buffer_nolock@_W@@YA_N_WV__crt_stdio_stream@@@Z 0000000180029170     libucrt:_flsbuf.obj
 0004:0000117c       $pdata$__acrt_stdio_flush_and_write_narrow_nolock 000000018002917c     libucrt:_flsbuf.obj
 0004:00001188       $pdata$__acrt_stdio_flush_and_write_wide_nolock 0000000180029188     libucrt:_flsbuf.obj
 0004:00001194       $pdata$_fcloseall          0000000180029194     libucrt:closeall.obj
 0004:000011a0       $pdata$__acrt_stdio_free_buffer_nolock 00000001800291a0     libucrt:_freebuf.obj
 0004:000011ac       $pdata$_isatty             00000001800291ac     libucrt:isatty.obj
 0004:000011b8       $pdata$__acrt_locale_free_monetary 00000001800291b8     libucrt:initmon.obj
 0004:000011c4       $pdata$__acrt_locale_free_numeric 00000001800291c4     libucrt:initnum.obj
 0004:000011d0       $pdata$?free_crt_array_internal@@YAXQEAPEBX_K@Z 00000001800291d0     libucrt:inittime.obj
 0004:000011dc       $pdata$__acrt_locale_free_time 00000001800291dc     libucrt:inittime.obj
 0004:000011e8       $pdata$__acrt_GetStringTypeA 00000001800291e8     libucrt:getstringtypea.obj
 0004:000011f4       $pdata$__acrt_lowio_create_handle_array 00000001800291f4     libucrt:osfinfo.obj
 0004:00001200       $pdata$__acrt_lowio_destroy_handle_array 0000000180029200     libucrt:osfinfo.obj
 0004:0000120c       $pdata$__acrt_lowio_ensure_fh_exists 000000018002920c     libucrt:osfinfo.obj
 0004:00001218       $pdata$_free_osfhnd        0000000180029218     libucrt:osfinfo.obj
 0004:00001224       $pdata$_get_osfhandle      0000000180029224     libucrt:osfinfo.obj
 0004:00001230       $pdata$??$?RV<lambda_b521505b218e5242e90febf6bfebc422>@@AEAV<lambda_6978c1fb23f02e42e1d9e99668cc68aa>@@V<lambda_314360699dd331753a4119843814e9a7>@@@?$__crt_seh_guarded_call@H@@QEAAH$$QEAV<lambda_b521505b218e5242e90febf6bfebc422>@@AEAV<lambda_6978c1fb23f02e42e1d9e99668cc68aa>@@$$QEAV<lambda_314360699dd331753a4119843814e9a7>@@@Z 0000000180029230     libucrt:commit.obj
 0004:0000123c       $pdata$_commit             000000018002923c     libucrt:commit.obj
 0004:00001248       $pdata$?write_double_translated_ansi_nolock@@YA?AUwrite_result@?A0x9c548279@@HQEBDI@Z 0000000180029248     libucrt:write.obj
 0004:00001254       $pdata$?write_text_ansi_nolock@@YA?AUwrite_result@?A0x9c548279@@HQEBDI@Z 0000000180029254     libucrt:write.obj
 0004:00001260       $pdata$?write_text_utf16le_nolock@@YA?AUwrite_result@?A0x9c548279@@HQEBDI@Z 0000000180029260     libucrt:write.obj
 0004:0000126c       $pdata$?write_text_utf8_nolock@@YA?AUwrite_result@?A0x9c548279@@HQEBDI@Z 000000018002926c     libucrt:write.obj
 0004:00001278       $pdata$_write              0000000180029278     libucrt:write.obj
 0004:00001284       $pdata$_write_nolock       0000000180029284     libucrt:write.obj
 0004:00001290       $pdata$?GetTableIndexFromLocaleName@@YAHPEB_W@Z 0000000180029290     libucrt:lcidtoname_downlevel.obj
 0004:0000129c       $pdata$__acrt_DownlevelLocaleNameToLCID 000000018002929c     libucrt:lcidtoname_downlevel.obj
 0004:000012a8       $pdata$?shortsort@@YAXPEAD0_KP6AHPEBX2@Z@Z 00000001800292a8     libucrt:qsort.obj
 0004:000012b4       $pdata$2$?shortsort@@YAXPEAD0_KP6AHPEBX2@Z@Z 00000001800292b4     libucrt:qsort.obj
 0004:000012c0       $pdata$3$?shortsort@@YAXPEAD0_KP6AHPEBX2@Z@Z 00000001800292c0     libucrt:qsort.obj
 0004:000012cc       $pdata$qsort               00000001800292cc     libucrt:qsort.obj
 0004:000012d8       $pdata$4$qsort             00000001800292d8     libucrt:qsort.obj
 0004:000012e4       $pdata$5$qsort             00000001800292e4     libucrt:qsort.obj
 0004:000012f0       $pdata$strncpy_s           00000001800292f0     libucrt:strncpy_s.obj
 0004:000012fc       $pdata$strpbrk             00000001800292fc     libucrt:strpbrk.obj
 0004:00001308       $pdata$_mbsdec_l           0000000180029308     libucrt:mbsdec.obj
 0004:00001314       $pdata$?initialize_multibyte@@YAHXZ 0000000180029314     libucrt:multibyte_initializer.obj
 0004:00001320       $pdata$_msize              0000000180029320     libucrt:msize.obj
 0004:0000132c       $pdata$_realloc_base       000000018002932c     libucrt:realloc_base.obj
 0004:00001338       $pdata$fegetenv            0000000180029338     libucrt:fegetenv.obj
 0004:00001344       $pdata$fesetenv            0000000180029344     libucrt:fesetenv.obj
 0004:00001350       $pdata$feholdexcept        0000000180029350     libucrt:feholdexcept.obj
 0004:00001368       $pdata$??$common_lseek@_J@@YA_JH_JH@Z 0000000180029368     libucrt:lseek.obj
 0004:00001374       $pdata$??$common_lseek_nolock@_J@@YA_JH_JH@Z 0000000180029374     libucrt:lseek.obj
 0004:00001380       $pdata$__acrt_stdio_allocate_buffer_nolock 0000000180029380     libucrt:_getbuf.obj
 0004:0000138c       $pdata$_fclose_nolock      000000018002938c     libucrt:fclose.obj
 0004:00001398       $pdata$fclose              0000000180029398     libucrt:fclose.obj
 0004:000013a4       $pdata$_putwch_nolock      00000001800293a4     libucrt:putwch.obj
 0004:000013b0       $pdata$_getfpcontrolword   00000001800293b0     libucrt:_fenvutils.obj
 0004:000013bc       $pdata$_getfpstatusword    00000001800293bc     libucrt:_fenvutils.obj
 0004:000013c8       $pdata$_setfpstatusword    00000001800293c8     libucrt:_fenvutils.obj
 0004:000013d4       $pdata$_clearfp            00000001800293d4     libucrt:ieee.obj
 0004:000013e0       $pdata$common_control87    00000001800293e0     libucrt:ieee.obj
 0004:000013ec       $pdata$_call_matherr       00000001800293ec     libucrt:libm_error.obj
 0004:000013f8       $pdata$_exception_enabled  00000001800293f8     libucrt:libm_error.obj
 0004:00001404       $pdata$_handle_error       0000000180029404     libucrt:libm_error.obj
 0004:00001410       $pdata$__acrt_initialize_fma3 0000000180029410     libucrt:fma3_available.obj
 0004:0000141c       $pdata$_log10_special      000000018002941c     libucrt:log_special.obj
 0004:00001428       $pdata$_log_special_common 0000000180029428     libucrt:log_special.obj
 0004:00001434       $pdata$??$?RV<lambda_bfedae4ebbf01fab1bb6dcc6a9e276e0>@@AEAV<lambda_2fe9b910cf3cbf4a0ab98a02ba45b3ec>@@V<lambda_237c231691f317818eb88cc1d5d642d6>@@@?$__crt_seh_guarded_call@H@@QEAAH$$QEAV<lambda_bfedae4ebbf01fab1bb6dcc6a9e276e0>@@AEAV<lambda_2fe9b910cf3cbf4a0ab98a02ba45b3ec>@@$$QEAV<lambda_237c231691f317818eb88cc1d5d642d6>@@@Z 0000000180029434     libucrt:close.obj
 0004:00001440       $pdata$_close              0000000180029440     libucrt:close.obj
 0004:0000144c       $pdata$_close_nolock       000000018002944c     libucrt:close.obj
 0004:00001458       $pdata$__dcrt_lowio_initialize_console_output 0000000180029458     libucrt:initcon.obj
 0004:00001464       $pdata$__dcrt_terminate_console_output 0000000180029464     libucrt:initcon.obj
 0004:0000147c       $pdata$_raise_exc          000000018002947c     libucrt:fpexcept.obj
 0004:00001488       $pdata$_raise_exc_ex       0000000180029488     libucrt:fpexcept.obj
 0004:00001494       $pdata$_set_errno_from_matherr 0000000180029494     libucrt:fpexcept.obj
 0004:000014a0       $pdata$_clrfp              00000001800294a0     libucrt:fpctrl.obj
 0004:000014ac       $pdata$_ctrlfp             00000001800294ac     libucrt:fpctrl.obj
 0004:000014b8       $pdata$_set_statfp         00000001800294b8     libucrt:fpctrl.obj
 0004:000014c4       $pdata$_statfp             00000001800294c4     libucrt:fpctrl.obj
 0004:000014d0       $pdata$?DloadAcquireSectionWriteAccess@@YAXXZ 00000001800294d0     DelayImp:delayhlp.obj
 0004:000014dc       $pdata$?DloadGetSRWLockFunctionPointers@@YAEXZ 00000001800294dc     DelayImp:delayhlp.obj
 0004:000014e8       $pdata$?DloadMakePermanentImageCommit@@YAXPEAX_K@Z 00000001800294e8     DelayImp:delayhlp.obj
 0004:000014f4       $pdata$?DloadObtainSection@@YAPEAXPEAK0@Z 00000001800294f4     DelayImp:delayhlp.obj
 0004:00001500       $pdata$?DloadProtectSection@@YAXKPEAK@Z 0000000180029500     DelayImp:delayhlp.obj
 0004:0000150c       $pdata$?DloadReleaseSectionWriteAccess@@YAXXZ 000000018002950c     DelayImp:delayhlp.obj
 0004:00001518       $pdata$__delayLoadHelper2  0000000180029518     DelayImp:delayhlp.obj
 0004:00001524       $pdata$_IsNonwritableInCurrentImage 0000000180029524     LIBCMT:pesect.obj
 0004:00001530       $pdata$__GSHandlerCheck    0000000180029530     LIBCMT:_gshandler_.obj
 0004:0000153c       $pdata$__GSHandlerCheckCommon 000000018002953c     LIBCMT:_gshandler_.obj
 0004:00001554       $pdata$strrchr             0000000180029554     libvcruntime:strrchr.obj
 0004:00001578       $pdata$?fin$0@?0??dllmain_crt_process_attach@@YAHQEAUHINSTANCE__@@QEAX@Z@4HA 0000000180029578     LIBCMT:dll_dllmain.obj
 0004:00001584       $pdata$?fin$0@?0??dllmain_crt_process_detach@@YAH_N@Z@4HA 0000000180029584     LIBCMT:dll_dllmain.obj
 0004:00001590       $pdata$?filt$0@?0??dllmain_dispatch@@YAHQEAUHINSTANCE__@@KQEAX@Z@4HA 0000000180029590     LIBCMT:dll_dllmain.obj
 0004:0000159c       $pdata$__scrt_is_nonwritable_in_current_image$filt$0 000000018002959c     LIBCMT:utility.obj
 0004:000015a8       $pdata$_query_new_handler$fin$0 00000001800295a8     libucrt:new_handler.obj
 0004:000015b4       $pdata$?filt$0@?0??common_exit@@YAXHW4_crt_exit_cleanup_mode@@W4_crt_exit_return_mode@@@Z@4HA 00000001800295b4     libucrt:exit.obj
 0004:000015c0       $pdata$?fin$1@?0??common_exit@@YAXHW4_crt_exit_cleanup_mode@@W4_crt_exit_return_mode@@@Z@4HA 00000001800295c0     libucrt:exit.obj
 0004:000015cc       $pdata$?fin$0@?0???$?RV<lambda_e24bbb7b643b32fcea6fa61b31d4c984>@@AEAV<lambda_275893d493268fdec8709772e3fcec0e>@@V<lambda_9d71df4d7cf3f480f8d633942495c3b0>@@@?$__crt_seh_guarded_call@H@@QEAAH$$QEAV<lambda_e24bbb7b643b32fcea6fa61b31d4c984>@@AEAV<lambda_275893d493268fdec8709772e3fcec0e>@@$$QEAV<lambda_9d71df4d7cf3f480f8d633942495c3b0>@@@Z@4HA 00000001800295cc     libucrt:onexit.obj
 0004:000015d8       $pdata$__acrt_initialize_lowio$fin$0 00000001800295d8     libucrt:ioinit.obj
 0004:000015d8       $pdata$__acrt_lowio_ensure_fh_exists$fin$0 00000001800295d8     libucrt:osfinfo.obj
 0004:000015e4       $pdata$common_flush_all$fin$0 00000001800295e4     libucrt:fflush.obj
 0004:000015f0       $pdata$common_flush_all$fin$1 00000001800295f0     libucrt:fflush.obj
 0004:000015fc       $pdata$fflush$fin$0        00000001800295fc     libucrt:fflush.obj
 0004:000015fc       $pdata$fclose$fin$0        00000001800295fc     libucrt:fclose.obj
 0004:00001608       $pdata$?fin$0@?0???$?RV<lambda_7b91131dde12e1c3dfc74ff76b3f2eac>@@AEAV<lambda_dd75445284c072d0bd3768540cc698fa>@@V<lambda_16bc4ecb55b4718497c16bceaea2ceaf>@@@?$__crt_seh_guarded_call@H@@QEAAH$$QEAV<lambda_7b91131dde12e1c3dfc74ff76b3f2eac>@@AEAV<lambda_dd75445284c072d0bd3768540cc698fa>@@$$QEAV<lambda_16bc4ecb55b4718497c16bceaea2ceaf>@@@Z@4HA 0000000180029608     libucrt:output.obj
 0004:00001608       $pdata$?fin$0@?0???$?RV<lambda_7a5ef57ff966f610505f1d28a3d40618>@@AEAV<lambda_b721fa326cdb32351d23dfa67958c160>@@V<lambda_5e0fb27672408a07956fe59e48ccb2aa>@@@?$__crt_seh_guarded_call@H@@QEAAH$$QEAV<lambda_7a5ef57ff966f610505f1d28a3d40618>@@AEAV<lambda_b721fa326cdb32351d23dfa67958c160>@@$$QEAV<lambda_5e0fb27672408a07956fe59e48ccb2aa>@@@Z@4HA 0000000180029608     libucrt:setvbuf.obj
 0004:00001614       $pdata$raise$fin$0         0000000180029614     libucrt:signal.obj
 0004:00001620       $pdata$?fin$0@?0???$?RV<lambda_c36588078e9f5dfd39652860aa6b3aaf>@@AEAV<lambda_ec61778202f4f5fc7e7711acc23c3bca>@@V<lambda_dc9d2797ccde5d239b4a0efae8ebd7db>@@@?$__crt_seh_guarded_call@P6AXH@Z@@QEAAP6AXH@Z$$QEAV<lambda_c36588078e9f5dfd39652860aa6b3aaf>@@AEAV<lambda_ec61778202f4f5fc7e7711acc23c3bca>@@$$QEAV<lambda_dc9d2797ccde5d239b4a0efae8ebd7db>@@@Z@4HA 0000000180029620     libucrt:signal.obj
 0004:00001620       $pdata$?fin$0@?0???$?RV<lambda_99476a1ad63dd22509b5d3e65b0ffc95>@@AEAV<lambda_ad1ced32f4ac17aa236e5ef05d6b3b7c>@@V<lambda_f7424dd8d45958661754dc4f2697e9c3>@@@?$__crt_seh_guarded_call@X@@QEAAX$$QEAV<lambda_99476a1ad63dd22509b5d3e65b0ffc95>@@AEAV<lambda_ad1ced32f4ac17aa236e5ef05d6b3b7c>@@$$QEAV<lambda_f7424dd8d45958661754dc4f2697e9c3>@@@Z@4HA 0000000180029620     libucrt:mbctype.obj
 0004:00001620       $pdata$?fin$0@?0???$?RV<lambda_5e887d1dcbef67a5eb4283622ba103bf>@@AEAV<lambda_4466841279450cc726390878d4a41900>@@V<lambda_341c25c0346d94847f1f3c463c57e077>@@@?$__crt_seh_guarded_call@X@@QEAAX$$QEAV<lambda_5e887d1dcbef67a5eb4283622ba103bf>@@AEAV<lambda_4466841279450cc726390878d4a41900>@@$$QEAV<lambda_341c25c0346d94847f1f3c463c57e077>@@@Z@4HA 0000000180029620     libucrt:per_thread_data.obj
 0004:00001620       $pdata$?fin$0@?0???$?RV<lambda_72d1df2b273a38828b1ce30cbf4cdab5>@@AEAV<lambda_876a65b173b8412d3a47c70a915b0cf4>@@V<lambda_41932305e351933ebe8f8be3ed8bb5dc>@@@?$__crt_seh_guarded_call@X@@QEAAX$$QEAV<lambda_72d1df2b273a38828b1ce30cbf4cdab5>@@AEAV<lambda_876a65b173b8412d3a47c70a915b0cf4>@@$$QEAV<lambda_41932305e351933ebe8f8be3ed8bb5dc>@@@Z@4HA 0000000180029620     libucrt:per_thread_data.obj
 0004:00001620       $pdata$?fin$0@?0???$?RV<lambda_46352004c1216016012b18bd6f87e700>@@AEAV<lambda_3bd07e1a1191394380780325891bf33f>@@V<lambda_334532d3f185bcaa59b5be82d7d22bff>@@@?$__crt_seh_guarded_call@X@@QEAAX$$QEAV<lambda_46352004c1216016012b18bd6f87e700>@@AEAV<lambda_3bd07e1a1191394380780325891bf33f>@@$$QEAV<lambda_334532d3f185bcaa59b5be82d7d22bff>@@@Z@4HA 0000000180029620     libucrt:per_thread_data.obj
 0004:00001620       $pdata$?fin$0@?0???$?RV<lambda_fb3a7dec4e47f37f22dae91bb15c9095>@@AEAV<lambda_698284760c8add0bfb0756c19673e34b>@@V<lambda_dfb8eca1e75fef3034a8fb18dd509707>@@@?$__crt_seh_guarded_call@X@@QEAAX$$QEAV<lambda_fb3a7dec4e47f37f22dae91bb15c9095>@@AEAV<lambda_698284760c8add0bfb0756c19673e34b>@@$$QEAV<lambda_dfb8eca1e75fef3034a8fb18dd509707>@@@Z@4HA 0000000180029620     libucrt:per_thread_data.obj
 0004:00001620       $pdata$?fin$0@?0???$?RV<lambda_b8c45f8f788dd370798f47cfe8ac3a86>@@AEAV<lambda_4e60a939b0d047cfe11ddc22648dfba9>@@V<lambda_332c3edc96d0294ec56c57d38c1cdfd5>@@@?$__crt_seh_guarded_call@H@@QEAAH$$QEAV<lambda_b8c45f8f788dd370798f47cfe8ac3a86>@@AEAV<lambda_4e60a939b0d047cfe11ddc22648dfba9>@@$$QEAV<lambda_332c3edc96d0294ec56c57d38c1cdfd5>@@@Z@4HA 0000000180029620     libucrt:onexit.obj
 0004:0000162c       $pdata$__acrt_update_thread_multibyte_data$fin$0 000000018002962c     libucrt:mbctype.obj
 0004:00001638       $pdata$__acrt_uninitialize_locale$fin$0 0000000180029638     libucrt:wsetlocale.obj
 0004:00001638       $pdata$__acrt_update_thread_locale_data$fin$0 0000000180029638     libucrt:locale_refcounting.obj
 0004:00001644       $pdata$_fcloseall$fin$0    0000000180029644     libucrt:closeall.obj
 0004:00001650       $pdata$?fin$0@?0???$common_lseek@_J@@YA_JH_JH@Z@4HA 0000000180029650     libucrt:lseek.obj
 0004:00001650       $pdata$_write$fin$0        0000000180029650     libucrt:write.obj
 0004:0000165c       $pdata$common_control87$filt$0 000000018002965c     libucrt:ieee.obj
 0004:0000165c       $pdata$_ctrlfp$filt$0      000000018002965c     libucrt:fpctrl.obj
 0004:00001668       $pdata$?fin$0@?0???$?RV<lambda_bfedae4ebbf01fab1bb6dcc6a9e276e0>@@AEAV<lambda_2fe9b910cf3cbf4a0ab98a02ba45b3ec>@@V<lambda_237c231691f317818eb88cc1d5d642d6>@@@?$__crt_seh_guarded_call@H@@QEAAH$$QEAV<lambda_bfedae4ebbf01fab1bb6dcc6a9e276e0>@@AEAV<lambda_2fe9b910cf3cbf4a0ab98a02ba45b3ec>@@$$QEAV<lambda_237c231691f317818eb88cc1d5d642d6>@@@Z@4HA 0000000180029668     libucrt:close.obj
 0004:00001668       $pdata$?fin$0@?0???$?RV<lambda_b521505b218e5242e90febf6bfebc422>@@AEAV<lambda_6978c1fb23f02e42e1d9e99668cc68aa>@@V<lambda_314360699dd331753a4119843814e9a7>@@@?$__crt_seh_guarded_call@H@@QEAAH$$QEAV<lambda_b521505b218e5242e90febf6bfebc422>@@AEAV<lambda_6978c1fb23f02e42e1d9e99668cc68aa>@@$$QEAV<lambda_314360699dd331753a4119843814e9a7>@@@Z@4HA 0000000180029668     libucrt:commit.obj
 0004:00001674       $pdata$_IsNonwritableInCurrentImage$filt$0 0000000180029674     LIBCMT:pesect.obj
 0005:00000000       __guard_fids__             000000018002a000     libucrt:initialization.obj
 0005:00000060       __guard_fids___acrt_initialize_ptd 000000018002a060     libucrt:per_thread_data.obj
 0005:00000064       __guard_fids___acrt_show_wide_message_box 000000018002a064     libucrt:crtmbox.obj
 0005:00000068       __guard_fids_??$expand_argument_wildcards@D@@YAHQEAD0AEAV?$argument_list@D@?A0xca0879c4@@@Z 000000018002a068     libucrt:argv_wildcards.obj
 0005:0000006c       __guard_fids__             000000018002a06c     libucrt:stdio_initializer.obj
 0005:00000070       __guard_fids__             000000018002a070     libucrt:stdio_initializer.obj
 0005:00000074       __guard_fids__             000000018002a074     libucrt:locale_initializer.obj
 0005:00000078       __guard_fids__             000000018002a078     libucrt:multibyte_initializer.obj
 0005:0000007c       __guard_fids__             000000018002a07c     libucrt:fma3_initializer.obj
 0005:00000080       __guard_fids__             000000018002a080     libucrt:console_output_initializer.obj
 0005:00000084       __guard_fids_?dllmain_crt_process_attach@@YAHQEAUHINSTANCE__@@QEAX@Z 000000018002a084     LIBCMT:dll_dllmain.obj
 0005:0000008c       __guard_fids_?dllmain_dispatch@@YAHQEAUHINSTANCE__@@KQEAX@Z 000000018002a08c     LIBCMT:dll_dllmain.obj
 0005:00000090       __guard_fids__             000000018002a090     LIBCMT:throw_bad_alloc.obj
 0005:00000098       __guard_fids__             000000018002a098     LIBCMT:throw_bad_alloc.obj
 0005:000000a0       __guard_fids__             000000018002a0a0     LIBCMT:throw_bad_alloc.obj
 0005:000000a8       __guard_fids__             000000018002a0a8     LIBCMT:std_type_info_static.obj
 0005:000000ac       __guard_fids__             000000018002a0ac     LIBCMT:guard_support.obj
 0005:000000b0       __guard_fids__             000000018002a0b0     libcpmt:xthrow.obj
 0005:000000b8       __guard_fids__             000000018002a0b8     libcpmt:xthrow.obj
 0005:000000c0       __guard_fids__             000000018002a0c0     libcpmt:xthrow.obj
 0005:000000c8       __guard_fids___vcrt_initialize_ptd 000000018002a0c8     libvcruntime:per_thread_data.obj
 0006:00000060       $R000000                   000000018002b060     * linker generated manifest res *

 Exports

  ordinal    name

        1    _register_bcrypt_lib_
